******************************************************************************
                  TI ARM Linker PC v20.2.7                     
******************************************************************************
>> Linked Thu Apr 25 14:55:48 2024

OUTPUT FILE NAME:   <Lab10.out>
ENTRY POINT SYMBOL: "_c_int00_noargs"  address: 00003a9d


MEMORY CONFIGURATION

         name            origin    length      used     unused   attr    fill
----------------------  --------  ---------  --------  --------  ----  --------
  FLASH                 00000000   00040000  00003e2c  0003c1d4  R  X
  SRAM                  20000000   00008000  00002319  00005ce7  RW X


SEGMENT ALLOCATION MAP

run origin  load origin   length   init length attrs members
----------  ----------- ---------- ----------- ----- -------
00000000    00000000    00003e30   00003e30    r-x
  00000000    00000000    0000026c   0000026c    r-- .intvecs
  0000026c    0000026c    00003a50   00003a50    r-x .text
  00003cbc    00003cbc    00000118   00000118    r-- .const
  00003dd8    00003dd8    00000058   00000058    r-- .cinit
20000000    20000000    0000231d   00000000    rw-
  20000000    20000000    0000026c   00000000    rw- .vtable
  20000270    20000270    00001000   00000000    rw- .stack
  20001270    20001270    00001000   00000000    rw- .sysmem
  20002270    20002270    00000070   00000000    rw- .bss
  200022e0    200022e0    0000003d   00000000    rw- .data


SECTION ALLOCATION MAP

 output                                  attributes/
section   page    origin      length       input sections
--------  ----  ----------  ----------   ----------------
.intvecs   0    00000000    0000026c     
                  00000000    0000026c     tm4c123gh6pm_startup_ccs.obj (.intvecs)

.text      0    0000026c    00003a50     
                  0000026c    00000c20     open_interface.obj (.text)
                  00000e8c    00000a4e     rtsv7M4_T_le_v4SPD16_eabi.lib : _printfi.c.obj (.text:__TI_printfi)
                  000018da    00000002                                   : _lock.c.obj (.text:_nop)
                  000018dc    0000042c     movement.obj (.text)
                  00001d08    00000328     lcd.obj (.text)
                  00002030    00000270     rtsv7M4_T_le_v4SPD16_eabi.lib : _printfi.c.obj (.text:_pconv_a)
                  000022a0    00000248     Timer.obj (.text)
                  000024e8    000001ec     uart-interrupt.obj (.text)
                  000026d4    000001d0     rtsv7M4_T_le_v4SPD16_eabi.lib : _printfi.c.obj (.text:_pconv_g)
                  000028a4    000001b6                                   : fd_add_t2.asm.obj (.text)
                  00002a5a    00000002                                   : div0.asm.obj (.text)
                  00002a5c    0000013c                                   : _printfi.c.obj (.text:_pconv_e)
                  00002b98    00000136                                   : fd_div_t2.asm.obj (.text)
                  00002cce    00000002     --HOLE-- [fill = 0]
                  00002cd0    00000124                                   : _printfi.c.obj (.text:fcvt)
                  00002df4    00000110                                   : s_scalbn.c.obj (.text:scalbn)
                  00002f04    00000100                                   : memory.c.obj (.text:aligned_alloc)
                  00003004    000000fc                                   : fd_mul_t2.asm.obj (.text)
                  00003100    000000e4                                   : memory.c.obj (.text:free)
                  000031e4    000000b1                                   : _printfi.c.obj (.text:_ltostr)
                  00003295    00000001     --HOLE-- [fill = 0]
                  00003296    0000009c                                   : memcpy_t2.asm.obj (.text)
                  00003332    00000096                                   : ull_div_t2.asm.obj (.text)
                  000033c8    00000086                                   : fd_cmp_t2.asm.obj (.text:__aeabi_cdcmple)
                  0000344e    00000086                                   : fd_cmp_t2.asm.obj (.text:__aeabi_cdrcmple)
                  000034d4    0000007a                                   : memset_t2.asm.obj (.text)
                  0000354e    00000002     --HOLE-- [fill = 0]
                  00003550    00000070                                   : memory.c.obj (.text:split)
                  000035c0    0000006e                                   : _printfi.c.obj (.text:_mcpy)
                  0000362e    0000006e                                   : fd_tos_t2.asm.obj (.text)
                  0000369c    00000068                                   : copy_decompress_lzss.c.obj (.text:decompress:lzss:__TI_decompress_lzss)
                  00003704    00000064                                   : s_frexp.c.obj (.text:frexp)
                  00003768    00000056                                   : _printfi.c.obj (.text:_pconv_f)
                  000037be    00000054                                   : _ltoa.c.obj (.text:__TI_ltoa)
                  00003812    00000052                                   : _printfi.c.obj (.text:_ecpy)
                  00003864    0000004c                                   : atoi.c.obj (.text:atoi)
                  000038b0    00000048                                   : fd_toi_t2.asm.obj (.text)
                  000038f8    00000044                                   : autoinit.c.obj (.text:__TI_auto_init_nobinit_nopinit:__TI_auto_init_nobinit_nopinit)
                  0000393c    00000040                                   : vsnprintf.c.obj (.text:vsnprintf)
                  0000397c    0000003e                                   : _printfi.c.obj (.text:_fcpy)
                  000039ba    00000002     --HOLE-- [fill = 0]
                  000039bc    0000003c     main.obj (.text)
                  000039f8    00000038     rtsv7M4_T_le_v4SPD16_eabi.lib : memory.c.obj (.text:calloc)
                  00003a30    00000038                                   : fs_tod_t2.asm.obj (.text)
                  00003a68    00000034     driverlib.lib : interrupt.obj (.text:IntRegister)
                  00003a9c    00000034     rtsv7M4_T_le_v4SPD16_eabi.lib : boot_cortex_m.c.obj (.text:_c_int00_noargs:_c_int00_noargs)
                  00003ad0    00000030                                   : vsnprintf.c.obj (.text:_outs)
                  00003b00    0000002e                                   : i_tofd_t2.asm.obj (.text)
                  00003b2e    00000002     --HOLE-- [fill = 0]
                  00003b30    00000028                                   : memory.c.obj (.text:free_list_insert)
                  00003b58    0000001c                                   : copy_zero_init.c.obj (.text:decompress:ZI:__TI_zero_init_nomemset:__TI_zero_init_nomemset)
                  00003b74    0000001c                                   : memory.c.obj (.text:free_list_remove)
                  00003b90    0000001c                                   : memccpy.c.obj (.text:memccpy)
                  00003bac    0000001a                                   : s_copysign.c.obj (.text:copysign)
                  00003bc6    00000018                                   : vsnprintf.c.obj (.text:_outc)
                  00003bde    00000018     open_interface.obj (.text:oi_parseInt)
                  00003bf6    00000018     rtsv7M4_T_le_v4SPD16_eabi.lib : strcmp.c.obj (.text:strcmp)
                  00003c0e    00000016                                   : strchr.c.obj (.text:strchr)
                  00003c24    00000014                                   : strcpy.c.obj (.text:strcpy)
                  00003c38    00000014                                   : strlen.c.obj (.text:strlen)
                  00003c4c    00000012                                   : wcslen.c.obj (.text:wcslen)
                  00003c5e    00000010     driverlib.lib : interrupt.obj (.text:IntMasterEnable)
                  00003c6e    00000010     lcd.obj (.text:lcd_clear)
                  00003c7e    0000000e     rtsv7M4_T_le_v4SPD16_eabi.lib : copy_decompress_none.c.obj (.text:decompress:none:__TI_decompress_none)
                  00003c8c    0000000c     driverlib.lib : cpu.obj (.text:CPUcpsie)
                  00003c98    0000000c     tm4c123gh6pm_startup_ccs.obj (.text)
                  00003ca4    00000008     rtsv7M4_T_le_v4SPD16_eabi.lib : errno.c.obj (.text:__aeabi_errno_addr)
                  00003cac    00000008                                   : memory.c.obj (.text:malloc)
                  00003cb4    00000004                                   : pre_init.c.obj (.text:_system_pre_init)
                  00003cb8    00000004                                   : exit.c.obj (.text:abort:abort)

.const     0    00003cbc    00000118     
                  00003cbc    00000101     rtsv7M4_T_le_v4SPD16_eabi.lib : ctype.c.obj (.const:.string:_ctypes_)
                  00003dbd    0000000f     open_interface.obj (.const:.string:$P$T0$3)
                  00003dcc    00000004     lcd.obj (.const:.string:lineAddress$1)
                  00003dd0    00000004     lcd.obj (.const:.string:lineAddresses$2)

.cinit     0    00003dd8    00000058     
                  00003dd8    0000001f     (.cinit..data.load) [load image, compression = lzss]
                  00003df7    00000001     --HOLE-- [fill = 0]
                  00003df8    0000000c     (__TI_handler_table)
                  00003e04    00000004     --HOLE-- [fill = 0]
                  00003e08    00000008     (.cinit..bss.load) [load image, compression = zero_init]
                  00003e10    00000008     (.cinit..vtable.load) [load image, compression = zero_init]
                  00003e18    00000018     (__TI_cinit_table)

.init_array 
*          0    00000000    00000000     UNINITIALIZED

.vtable    0    20000000    0000026c     UNINITIALIZED
                  20000000    0000026c     driverlib.lib : interrupt.obj (.vtable)

.stack     0    20000270    00001000     UNINITIALIZED
                  20000270    00000004     rtsv7M4_T_le_v4SPD16_eabi.lib : boot_cortex_m.c.obj (.stack)
                  20000274    00000ffc     --HOLE--

.sysmem    0    20001270    00001000     UNINITIALIZED
                  20001270    00000010     rtsv7M4_T_le_v4SPD16_eabi.lib : memory.c.obj (.sysmem)
                  20001280    00000ff0     --HOLE--

.bss       0    20002270    00000070     UNINITIALIZED
                  20002270    00000054     lcd.obj (.bss:lastbuffer$3)
                  200022c4    00000018     open_interface.obj (.bss:firmware$2)
                  200022dc    00000004     (.common:_timeout_ticks)

.data      0    200022e0    0000003d     UNINITIALIZED
                  200022e0    00000020     open_interface.obj (.data)
                  20002300    00000008     rtsv7M4_T_le_v4SPD16_eabi.lib : _lock.c.obj (.data:$O1$$)
                  20002308    00000008                                   : memory.c.obj (.data:$O1$$)
                  20002310    00000008     uart-interrupt.obj (.data)
                  20002318    00000004     rtsv7M4_T_le_v4SPD16_eabi.lib : errno.c.obj (.data)
                  2000231c    00000001     Timer.obj (.data)

__llvm_prf_cnts 
*          0    20000000    00000000     UNINITIALIZED

MODULE SUMMARY

       Module                         code    ro data   rw data
       ------                         ----    -------   -------
    .\
       open_interface.obj             3128    15        56     
       movement.obj                   1068    0         0      
       lcd.obj                        824     8         84     
       tm4c123gh6pm_startup_ccs.obj   12      620       0      
       Timer.obj                      584     0         5      
       uart-interrupt.obj             492     0         8      
       main.obj                       60      0         0      
    +--+------------------------------+-------+---------+---------+
       Total:                         6168    643       153    
                                                               
    C:/ti/TivaWare_C_Series-2.2.0.295/driverlib/ccs/Debug/driverlib.lib
       interrupt.obj                  68      0         620    
       cpu.obj                        12      0         0      
    +--+------------------------------+-------+---------+---------+
       Total:                         80      0         620    
                                                               
    C:\ti\ccs1230\ccs\tools\compiler\ti-cgt-arm_20.2.7.LTS\lib\rtsv7M4_T_le_v4SPD16_eabi.lib
       _printfi.c.obj                 4851    0         0      
       memory.c.obj                   728     0         8      
       fd_add_t2.asm.obj              438     0         0      
       fd_div_t2.asm.obj              310     0         0      
       s_scalbn.c.obj                 272     0         0      
       fd_cmp_t2.asm.obj              268     0         0      
       ctype.c.obj                    0       257       0      
       fd_mul_t2.asm.obj              252     0         0      
       memcpy_t2.asm.obj              156     0         0      
       ull_div_t2.asm.obj             150     0         0      
       vsnprintf.c.obj                136     0         0      
       memset_t2.asm.obj              122     0         0      
       fd_tos_t2.asm.obj              110     0         0      
       copy_decompress_lzss.c.obj     104     0         0      
       s_frexp.c.obj                  100     0         0      
       _ltoa.c.obj                    84      0         0      
       atoi.c.obj                     76      0         0      
       fd_toi_t2.asm.obj              72      0         0      
       autoinit.c.obj                 68      0         0      
       fs_tod_t2.asm.obj              56      0         0      
       boot_cortex_m.c.obj            52      0         0      
       i_tofd_t2.asm.obj              46      0         0      
       copy_zero_init.c.obj           28      0         0      
       memccpy.c.obj                  28      0         0      
       s_copysign.c.obj               26      0         0      
       strcmp.c.obj                   24      0         0      
       strchr.c.obj                   22      0         0      
       strcpy.c.obj                   20      0         0      
       strlen.c.obj                   20      0         0      
       wcslen.c.obj                   18      0         0      
       copy_decompress_none.c.obj     14      0         0      
       errno.c.obj                    8       0         4      
       _lock.c.obj                    2       0         8      
       exit.c.obj                     4       0         0      
       pre_init.c.obj                 4       0         0      
       div0.asm.obj                   2       0         0      
    +--+------------------------------+-------+---------+---------+
       Total:                         8671    257       20     
                                                               
       Heap:                          0       0         4096   
       Stack:                         0       0         4096   
       Linker Generated:              0       83        0      
    +--+------------------------------+-------+---------+---------+
       Grand Total:                   14919   983       8985   


LINKER GENERATED COPY TABLES

__TI_cinit_table @ 00003e18 records: 3, size/record: 8, table size: 24
	.data: load addr=00003dd8, load size=0000001f bytes, run addr=200022e0, run size=0000003d bytes, compression=lzss
	.bss: load addr=00003e08, load size=00000008 bytes, run addr=20002270, run size=00000070 bytes, compression=zero_init
	.vtable: load addr=00003e10, load size=00000008 bytes, run addr=20000000, run size=0000026c bytes, compression=zero_init


LINKER GENERATED HANDLER TABLE

__TI_handler_table @ 00003df8 records: 3, size/record: 4, table size: 12
	index: 0, handler: __TI_zero_init
	index: 1, handler: __TI_decompress_lzss
	index: 2, handler: __TI_decompress_none


GLOBAL SYMBOLS: SORTED ALPHABETICALLY BY Name 

address   name                          
-------   ----                          
00003cb9  C$$EXIT                       
00003c8d  CPUcpsie                      
00000bc3  GPIOF_Handler                 
00003c5f  IntMasterEnable               
00003a69  IntRegister                   
00003c99  ResetISR                      
00002633  UART1_Handler                 
20001270  __STACK_END                   
00001000  __STACK_SIZE                  
20000470  __STACK_TOP                   
00001000  __SYSMEM_SIZE                 
00003e18  __TI_CINIT_Base               
00003e30  __TI_CINIT_Limit              
00003df8  __TI_Handler_Table_Base       
00003e04  __TI_Handler_Table_Limit      
000038f9  __TI_auto_init_nobinit_nopinit
0000369d  __TI_decompress_lzss          
00003c7f  __TI_decompress_none          
000037bf  __TI_ltoa                     
ffffffff  __TI_pprof_out_hndl           
00000e8d  __TI_printfi                  
ffffffff  __TI_prof_data_size           
ffffffff  __TI_prof_data_start          
00000000  __TI_static_base__            
00003b59  __TI_zero_init_nomemset       
000033c9  __aeabi_cdcmpeq               
000033c9  __aeabi_cdcmple               
0000344f  __aeabi_cdrcmple              
0000362f  __aeabi_d2f                   
000038b1  __aeabi_d2iz                  
000028af  __aeabi_dadd                  
00002b99  __aeabi_ddiv                  
00003005  __aeabi_dmul                  
000028a5  __aeabi_dsub                  
00003ca5  __aeabi_errno_addr            
00003a31  __aeabi_f2d                   
00003b01  __aeabi_i2d                   
00002a5b  __aeabi_idiv0                 
00002a5b  __aeabi_ldiv0                 
000034d5  __aeabi_memclr                
000034d5  __aeabi_memclr4               
000034d5  __aeabi_memclr8               
00003297  __aeabi_memcpy                
00003297  __aeabi_memcpy4               
00003297  __aeabi_memcpy8               
000034d7  __aeabi_memset                
000034d7  __aeabi_memset4               
000034d7  __aeabi_memset8               
00003333  __aeabi_uldivmod              
ffffffff  __binit__                     
ffffffff  __c_args__                    
UNDEFED   __mpu_init                    
20000270  __stack                       
20000000  __start___llvm_prf_cnts       
20000000  __stop___llvm_prf_cnts        
00003a9d  _c_int00_noargs               
00003cbc  _ctypes_                      
20002300  _lock                         
000018db  _nop                          
2000231c  _running                      
20001270  _sys_memory                   
UNDEFED   _system_post_cinit            
00003cb5  _system_pre_init              
200022dc  _timeout_ticks                
20002304  _unlock                       
00003cb9  abort                         
00002f05  aligned_alloc                 
00003865  atoi                          
ffffffff  binit                         
000039f9  calloc                        
20002310  command_byte                  
20002314  command_flag                  
00003bad  copysign                      
00003bad  copysignl                     
00001c61  drive_forward                 
20002318  errno                         
00003101  free                          
00003705  frexp                         
00003705  frexpl                        
20000000  g_pfnRAMVectors               
00000000  g_pfnVectors                  
0000097f  go_charge                     
00003c6f  lcd_clear                     
00001edd  lcd_gotoLine                  
00001d45  lcd_init                      
00001f43  lcd_printf                    
00001e05  lcd_putc                      
00001e3d  lcd_puts                      
00001d09  lcd_reverseNibble             
00001e5b  lcd_sendCommand               
00001e99  lcd_sendNibble                
00001f05  lcd_setCursorPos              
00002df5  ldexp                         
00002df5  ldexpl                        
000039bd  main                          
00003cad  malloc                        
00002f05  memalign                      
00003b91  memccpy                       
00003297  memcpy                        
000034dd  memset                        
200022e0  motor_cal_factor_L            
200022e4  motor_cal_factor_R            
00001953  move_backward                 
000018dd  move_forward                  
00001ab1  move_forward_avoid_obstacles  
0000026d  oi_alloc                      
00000aa9  oi_checkFirmware              
000002c7  oi_close                      
00000279  oi_free                       
00000ded  oi_getMotorCalibrationLeft    
00000e01  oi_getMotorCalibrationRight   
000002b1  oi_init                       
00000289  oi_init_noupdate              
00000915  oi_loadSong                   
00003bdf  oi_parseInt                   
0000032b  oi_parsePacket                
0000096b  oi_play_song                  
0000084b  oi_setLeds                    
00000db1  oi_setMotorCalibration        
0000088f  oi_setWheels                  
00000b51  oi_shutoff_init               
0000098d  oi_uartInit                   
00000a31  oi_uartReceive                
00000a77  oi_uartSendBuff               
00000a15  oi_uartSendChar               
00000a59  oi_uartSendStr                
000002d9  oi_update                     
00002df5  scalbn                        
00002df5  scalbnl                       
00003c0f  strchr                        
00003bf7  strcmp                        
00003c25  strcpy                        
00003c39  strlen                        
000023bf  timer_getMicros               
00002367  timer_getMillis               
000022a1  timer_init                    
00002343  timer_pause                   
00002355  timer_resume                  
00002319  timer_stop                    
00002419  timer_waitMicros              
0000244b  timer_waitMillis              
00001a39  turn_left                     
000019c5  turn_right                    
000024e9  uart_interrupt_init           
000025c9  uart_receive                  
0000260d  uart_receive_nonblocking      
000025ad  uart_sendChar                 
000025ef  uart_sendStr                  
0000393d  vsnprintf                     
00003c4d  wcslen                        


GLOBAL SYMBOLS: SORTED BY Symbol Address 

address   name                          
-------   ----                          
00000000  __TI_static_base__            
00000000  g_pfnVectors                  
0000026d  oi_alloc                      
00000279  oi_free                       
00000289  oi_init_noupdate              
000002b1  oi_init                       
000002c7  oi_close                      
000002d9  oi_update                     
0000032b  oi_parsePacket                
0000084b  oi_setLeds                    
0000088f  oi_setWheels                  
00000915  oi_loadSong                   
0000096b  oi_play_song                  
0000097f  go_charge                     
0000098d  oi_uartInit                   
00000a15  oi_uartSendChar               
00000a31  oi_uartReceive                
00000a59  oi_uartSendStr                
00000a77  oi_uartSendBuff               
00000aa9  oi_checkFirmware              
00000b51  oi_shutoff_init               
00000bc3  GPIOF_Handler                 
00000db1  oi_setMotorCalibration        
00000ded  oi_getMotorCalibrationLeft    
00000e01  oi_getMotorCalibrationRight   
00000e8d  __TI_printfi                  
00001000  __STACK_SIZE                  
00001000  __SYSMEM_SIZE                 
000018db  _nop                          
000018dd  move_forward                  
00001953  move_backward                 
000019c5  turn_right                    
00001a39  turn_left                     
00001ab1  move_forward_avoid_obstacles  
00001c61  drive_forward                 
00001d09  lcd_reverseNibble             
00001d45  lcd_init                      
00001e05  lcd_putc                      
00001e3d  lcd_puts                      
00001e5b  lcd_sendCommand               
00001e99  lcd_sendNibble                
00001edd  lcd_gotoLine                  
00001f05  lcd_setCursorPos              
00001f43  lcd_printf                    
000022a1  timer_init                    
00002319  timer_stop                    
00002343  timer_pause                   
00002355  timer_resume                  
00002367  timer_getMillis               
000023bf  timer_getMicros               
00002419  timer_waitMicros              
0000244b  timer_waitMillis              
000024e9  uart_interrupt_init           
000025ad  uart_sendChar                 
000025c9  uart_receive                  
000025ef  uart_sendStr                  
0000260d  uart_receive_nonblocking      
00002633  UART1_Handler                 
000028a5  __aeabi_dsub                  
000028af  __aeabi_dadd                  
00002a5b  __aeabi_idiv0                 
00002a5b  __aeabi_ldiv0                 
00002b99  __aeabi_ddiv                  
00002df5  ldexp                         
00002df5  ldexpl                        
00002df5  scalbn                        
00002df5  scalbnl                       
00002f05  aligned_alloc                 
00002f05  memalign                      
00003005  __aeabi_dmul                  
00003101  free                          
00003297  __aeabi_memcpy                
00003297  __aeabi_memcpy4               
00003297  __aeabi_memcpy8               
00003297  memcpy                        
00003333  __aeabi_uldivmod              
000033c9  __aeabi_cdcmpeq               
000033c9  __aeabi_cdcmple               
0000344f  __aeabi_cdrcmple              
000034d5  __aeabi_memclr                
000034d5  __aeabi_memclr4               
000034d5  __aeabi_memclr8               
000034d7  __aeabi_memset                
000034d7  __aeabi_memset4               
000034d7  __aeabi_memset8               
000034dd  memset                        
0000362f  __aeabi_d2f                   
0000369d  __TI_decompress_lzss          
00003705  frexp                         
00003705  frexpl                        
000037bf  __TI_ltoa                     
00003865  atoi                          
000038b1  __aeabi_d2iz                  
000038f9  __TI_auto_init_nobinit_nopinit
0000393d  vsnprintf                     
000039bd  main                          
000039f9  calloc                        
00003a31  __aeabi_f2d                   
00003a69  IntRegister                   
00003a9d  _c_int00_noargs               
00003b01  __aeabi_i2d                   
00003b59  __TI_zero_init_nomemset       
00003b91  memccpy                       
00003bad  copysign                      
00003bad  copysignl                     
00003bdf  oi_parseInt                   
00003bf7  strcmp                        
00003c0f  strchr                        
00003c25  strcpy                        
00003c39  strlen                        
00003c4d  wcslen                        
00003c5f  IntMasterEnable               
00003c6f  lcd_clear                     
00003c7f  __TI_decompress_none          
00003c8d  CPUcpsie                      
00003c99  ResetISR                      
00003ca5  __aeabi_errno_addr            
00003cad  malloc                        
00003cb5  _system_pre_init              
00003cb9  C$$EXIT                       
00003cb9  abort                         
00003cbc  _ctypes_                      
00003df8  __TI_Handler_Table_Base       
00003e04  __TI_Handler_Table_Limit      
00003e18  __TI_CINIT_Base               
00003e30  __TI_CINIT_Limit              
20000000  __start___llvm_prf_cnts       
20000000  __stop___llvm_prf_cnts        
20000000  g_pfnRAMVectors               
20000270  __stack                       
20000470  __STACK_TOP                   
20001270  __STACK_END                   
20001270  _sys_memory                   
200022dc  _timeout_ticks                
200022e0  motor_cal_factor_L            
200022e4  motor_cal_factor_R            
20002300  _lock                         
20002304  _unlock                       
20002310  command_byte                  
20002314  command_flag                  
20002318  errno                         
2000231c  _running                      
ffffffff  __TI_pprof_out_hndl           
ffffffff  __TI_prof_data_size           
ffffffff  __TI_prof_data_start          
ffffffff  __binit__                     
ffffffff  __c_args__                    
ffffffff  binit                         
UNDEFED   __mpu_init                    
UNDEFED   _system_post_cinit            

[150 symbols]
