******************************************************************************
                  TI ARM Linker PC v20.2.7                     
******************************************************************************
>> Linked Thu Feb 15 13:43:37 2024

OUTPUT FILE NAME:   <Lab4.out>
ENTRY POINT SYMBOL: "_c_int00_noargs"  address: 0000296d


MEMORY CONFIGURATION

         name            origin    length      used     unused   attr    fill
----------------------  --------  ---------  --------  --------  ----  --------
  FLASH                 00000000   00040000  00002ca9  0003d357  R  X
  SRAM                  20000000   00008000  00002312  00005cee  RW X


SEGMENT ALLOCATION MAP

run origin  load origin   length   init length attrs members
----------  ----------- ---------- ----------- ----- -------
00000000    00000000    00002cb0   00002cb0    r-x
  00000000    00000000    0000026c   0000026c    r-- .intvecs
  0000026c    0000026c    000028ec   000028ec    r-x .text
  00002b58    00002b58    00000109   00000109    r-- .const
  00002c68    00002c68    00000048   00000048    r-- .cinit
20000000    20000000    00002316   00000000    rw-
  20000000    20000000    0000026c   00000000    rw- .vtable
  20000270    20000270    00001000   00000000    rw- .stack
  20001270    20001270    00001000   00000000    rw- .sysmem
  20002270    20002270    0000008c   00000000    rw- .bss
  200022fc    200022fc    0000001a   00000000    rw- .data


SECTION ALLOCATION MAP

 output                                  attributes/
section   page    origin      length       input sections
--------  ----  ----------  ----------   ----------------
.intvecs   0    00000000    0000026c     
                  00000000    0000026c     tm4c123gh6pm_startup_ccs.obj (.intvecs)

.text      0    0000026c    000028ec     
                  0000026c    00000a4e     rtsv7M4_T_le_v4SPD16_eabi.lib : _printfi.c.obj (.text:__TI_printfi)
                  00000cba    00000002                                   : _lock.c.obj (.text:_nop)
                  00000cbc    00000328     lcd.obj (.text)
                  00000fe4    00000270     rtsv7M4_T_le_v4SPD16_eabi.lib : _printfi.c.obj (.text:_pconv_a)
                  00001254    00000248     Timer.obj (.text)
                  0000149c    000001d0     rtsv7M4_T_le_v4SPD16_eabi.lib : _printfi.c.obj (.text:_pconv_g)
                  0000166c    000001b6                                   : fd_add_t2.asm.obj (.text)
                  00001822    00000002                                   : div0.asm.obj (.text)
                  00001824    0000015c     libcybotUART.lib : uart.obj (.text)
                  00001980    0000013c     rtsv7M4_T_le_v4SPD16_eabi.lib : _printfi.c.obj (.text:_pconv_e)
                  00001abc    00000136                                   : fd_div_t2.asm.obj (.text)
                  00001bf2    00000002     --HOLE-- [fill = 0]
                  00001bf4    00000124                                   : _printfi.c.obj (.text:fcvt)
                  00001d18    00000110                                   : s_scalbn.c.obj (.text:scalbn)
                  00001e28    00000100                                   : memory.c.obj (.text:aligned_alloc)
                  00001f28    000000fc                                   : fd_mul_t2.asm.obj (.text)
                  00002024    000000b2     main.obj (.text)
                  000020d6    00000002     --HOLE-- [fill = 0]
                  000020d8    000000b1     rtsv7M4_T_le_v4SPD16_eabi.lib : _printfi.c.obj (.text:_ltostr)
                  00002189    00000001     --HOLE-- [fill = 0]
                  0000218a    0000009c                                   : memcpy_t2.asm.obj (.text)
                  00002226    00000096                                   : ull_div_t2.asm.obj (.text)
                  000022bc    00000086                                   : fd_cmp_t2.asm.obj (.text:__aeabi_cdcmple)
                  00002342    00000086                                   : fd_cmp_t2.asm.obj (.text:__aeabi_cdrcmple)
                  000023c8    00000080     button.obj (.text)
                  00002448    0000007a     rtsv7M4_T_le_v4SPD16_eabi.lib : memset_t2.asm.obj (.text)
                  000024c2    00000002     --HOLE-- [fill = 0]
                  000024c4    00000070                                   : memory.c.obj (.text:split)
                  00002534    0000006e                                   : _printfi.c.obj (.text:_mcpy)
                  000025a2    00000068                                   : copy_decompress_lzss.c.obj (.text:decompress:lzss:__TI_decompress_lzss)
                  0000260a    00000002     --HOLE-- [fill = 0]
                  0000260c    00000064                                   : s_frexp.c.obj (.text:frexp)
                  00002670    00000056                                   : _printfi.c.obj (.text:_pconv_f)
                  000026c6    00000054                                   : _ltoa.c.obj (.text:__TI_ltoa)
                  0000271a    00000052                                   : _printfi.c.obj (.text:_ecpy)
                  0000276c    0000004c                                   : atoi.c.obj (.text:atoi)
                  000027b8    00000048                                   : fd_toi_t2.asm.obj (.text)
                  00002800    00000044                                   : autoinit.c.obj (.text:__TI_auto_init_nobinit_nopinit:__TI_auto_init_nobinit_nopinit)
                  00002844    00000040                                   : vsnprintf.c.obj (.text:vsnprintf)
                  00002884    0000003e                                   : _printfi.c.obj (.text:_fcpy)
                  000028c2    0000003e     communicate.obj (.text)
                  00002900    00000038     rtsv7M4_T_le_v4SPD16_eabi.lib : memory.c.obj (.text:calloc)
                  00002938    00000034     driverlib.lib : interrupt.obj (.text:IntRegister)
                  0000296c    00000034     rtsv7M4_T_le_v4SPD16_eabi.lib : boot_cortex_m.c.obj (.text:_c_int00_noargs:_c_int00_noargs)
                  000029a0    00000030                                   : vsnprintf.c.obj (.text:_outs)
                  000029d0    0000002e                                   : i_tofd_t2.asm.obj (.text)
                  000029fe    00000002     --HOLE-- [fill = 0]
                  00002a00    00000028                                   : memory.c.obj (.text:free_list_insert)
                  00002a28    0000001c                                   : copy_zero_init.c.obj (.text:decompress:ZI:__TI_zero_init_nomemset:__TI_zero_init_nomemset)
                  00002a44    0000001c                                   : memory.c.obj (.text:free_list_remove)
                  00002a60    0000001c                                   : memccpy.c.obj (.text:memccpy)
                  00002a7c    0000001a                                   : s_copysign.c.obj (.text:copysign)
                  00002a96    00000018                                   : vsnprintf.c.obj (.text:_outc)
                  00002aae    00000018                                   : strcmp.c.obj (.text:strcmp)
                  00002ac6    00000016                                   : strchr.c.obj (.text:strchr)
                  00002adc    00000014                                   : strcpy.c.obj (.text:strcpy)
                  00002af0    00000014                                   : strlen.c.obj (.text:strlen)
                  00002b04    00000012                                   : wcslen.c.obj (.text:wcslen)
                  00002b16    00000010     lcd.obj (.text:lcd_clear)
                  00002b26    0000000e     rtsv7M4_T_le_v4SPD16_eabi.lib : copy_decompress_none.c.obj (.text:decompress:none:__TI_decompress_none)
                  00002b34    0000000c     tm4c123gh6pm_startup_ccs.obj (.text)
                  00002b40    00000008     rtsv7M4_T_le_v4SPD16_eabi.lib : errno.c.obj (.text:__aeabi_errno_addr)
                  00002b48    00000008                                   : memory.c.obj (.text:malloc)
                  00002b50    00000004                                   : pre_init.c.obj (.text:_system_pre_init)
                  00002b54    00000004                                   : exit.c.obj (.text:abort:abort)

.const     0    00002b58    00000109     
                  00002b58    00000101     rtsv7M4_T_le_v4SPD16_eabi.lib : ctype.c.obj (.const:.string:_ctypes_)
                  00002c59    00000004     lcd.obj (.const:.string:lineAddress$1)
                  00002c5d    00000004     lcd.obj (.const:.string:lineAddresses$2)

.cinit     0    00002c68    00000048     
                  00002c68    0000000d     (.cinit..data.load) [load image, compression = lzss]
                  00002c75    00000003     --HOLE-- [fill = 0]
                  00002c78    0000000c     (__TI_handler_table)
                  00002c84    00000004     --HOLE-- [fill = 0]
                  00002c88    00000008     (.cinit..bss.load) [load image, compression = zero_init]
                  00002c90    00000008     (.cinit..vtable.load) [load image, compression = zero_init]
                  00002c98    00000018     (__TI_cinit_table)

.init_array 
*          0    00000000    00000000     UNINITIALIZED

.vtable    0    20000000    0000026c     UNINITIALIZED
                  20000000    0000026c     driverlib.lib : interrupt.obj (.vtable)

.stack     0    20000270    00001000     UNINITIALIZED
                  20000270    00000004     rtsv7M4_T_le_v4SPD16_eabi.lib : boot_cortex_m.c.obj (.stack)
                  20000274    00000ffc     --HOLE--

.sysmem    0    20001270    00001000     UNINITIALIZED
                  20001270    00000010     rtsv7M4_T_le_v4SPD16_eabi.lib : memory.c.obj (.sysmem)
                  20001280    00000ff0     --HOLE--

.bss       0    20002270    0000008c     UNINITIALIZED
                  20002270    00000054     lcd.obj (.bss:lastbuffer$3)
                  200022c4    00000034     (.common:isr_char_buffer)
                  200022f8    00000004     (.common:_timeout_ticks)

.data      0    200022fc    0000001a     UNINITIALIZED
                  200022fc    00000008     rtsv7M4_T_le_v4SPD16_eabi.lib : _lock.c.obj (.data:$O1$$)
                  20002304    00000008                                   : memory.c.obj (.data:$O1$$)
                  2000230c    00000004     libcybotUART.lib : uart.obj (.data)
                  20002310    00000004     rtsv7M4_T_le_v4SPD16_eabi.lib : errno.c.obj (.data)
                  20002314    00000001     Timer.obj (.data)
                  20002315    00000001     button.obj (.data)

__llvm_prf_cnts 
*          0    20000000    00000000     UNINITIALIZED

MODULE SUMMARY

       Module                         code    ro data   rw data
       ------                         ----    -------   -------
    .\
       lcd.obj                        824     8         84     
       tm4c123gh6pm_startup_ccs.obj   12      620       0      
       Timer.obj                      584     0         5      
       main.obj                       178     0         0      
       button.obj                     128     0         1      
       communicate.obj                62      0         0      
    +--+------------------------------+-------+---------+---------+
       Total:                         1788    628       90     
                                                               
    ../libcybotUART.lib
       uart.obj                       348     0         56     
    +--+------------------------------+-------+---------+---------+
       Total:                         348     0         56     
                                                               
    C:/ti/TivaWare_C_Series-2.2.0.295/driverlib/ccs/Debug/driverlib.lib
       interrupt.obj                  52      0         620    
    +--+------------------------------+-------+---------+---------+
       Total:                         52      0         620    
                                                               
    C:\ti\ccs1230\ccs\tools\compiler\ti-cgt-arm_20.2.7.LTS\lib\rtsv7M4_T_le_v4SPD16_eabi.lib
       _printfi.c.obj                 4851    0         0      
       memory.c.obj                   500     0         8      
       fd_add_t2.asm.obj              438     0         0      
       fd_div_t2.asm.obj              310     0         0      
       s_scalbn.c.obj                 272     0         0      
       fd_cmp_t2.asm.obj              268     0         0      
       ctype.c.obj                    0       257       0      
       fd_mul_t2.asm.obj              252     0         0      
       memcpy_t2.asm.obj              156     0         0      
       ull_div_t2.asm.obj             150     0         0      
       vsnprintf.c.obj                136     0         0      
       memset_t2.asm.obj              122     0         0      
       copy_decompress_lzss.c.obj     104     0         0      
       s_frexp.c.obj                  100     0         0      
       _ltoa.c.obj                    84      0         0      
       atoi.c.obj                     76      0         0      
       fd_toi_t2.asm.obj              72      0         0      
       autoinit.c.obj                 68      0         0      
       boot_cortex_m.c.obj            52      0         0      
       i_tofd_t2.asm.obj              46      0         0      
       copy_zero_init.c.obj           28      0         0      
       memccpy.c.obj                  28      0         0      
       s_copysign.c.obj               26      0         0      
       strcmp.c.obj                   24      0         0      
       strchr.c.obj                   22      0         0      
       strcpy.c.obj                   20      0         0      
       strlen.c.obj                   20      0         0      
       wcslen.c.obj                   18      0         0      
       copy_decompress_none.c.obj     14      0         0      
       errno.c.obj                    8       0         4      
       _lock.c.obj                    2       0         8      
       exit.c.obj                     4       0         0      
       pre_init.c.obj                 4       0         0      
       div0.asm.obj                   2       0         0      
    +--+------------------------------+-------+---------+---------+
       Total:                         8277    257       20     
                                                               
       Heap:                          0       0         4096   
       Stack:                         0       0         4096   
       Linker Generated:              0       65        0      
    +--+------------------------------+-------+---------+---------+
       Grand Total:                   10465   950       8978   


LINKER GENERATED COPY TABLES

__TI_cinit_table @ 00002c98 records: 3, size/record: 8, table size: 24
	.data: load addr=00002c68, load size=0000000d bytes, run addr=200022fc, run size=0000001a bytes, compression=lzss
	.bss: load addr=00002c88, load size=00000008 bytes, run addr=20002270, run size=0000008c bytes, compression=zero_init
	.vtable: load addr=00002c90, load size=00000008 bytes, run addr=20000000, run size=0000026c bytes, compression=zero_init


LINKER GENERATED HANDLER TABLE

__TI_handler_table @ 00002c78 records: 3, size/record: 4, table size: 12
	index: 0, handler: __TI_zero_init
	index: 1, handler: __TI_decompress_lzss
	index: 2, handler: __TI_decompress_none


GLOBAL SYMBOLS: SORTED ALPHABETICALLY BY Name 

address   name                          
-------   ----                          
00002b55  C$$EXIT                       
00002939  IntRegister                   
00002b35  ResetISR                      
20001270  __STACK_END                   
00001000  __STACK_SIZE                  
20000470  __STACK_TOP                   
00001000  __SYSMEM_SIZE                 
00002c98  __TI_CINIT_Base               
00002cb0  __TI_CINIT_Limit              
00002c78  __TI_Handler_Table_Base       
00002c84  __TI_Handler_Table_Limit      
00002801  __TI_auto_init_nobinit_nopinit
000025a3  __TI_decompress_lzss          
00002b27  __TI_decompress_none          
000026c7  __TI_ltoa                     
ffffffff  __TI_pprof_out_hndl           
0000026d  __TI_printfi                  
ffffffff  __TI_prof_data_size           
ffffffff  __TI_prof_data_start          
00000000  __TI_static_base__            
00002a29  __TI_zero_init_nomemset       
000022bd  __aeabi_cdcmpeq               
000022bd  __aeabi_cdcmple               
00002343  __aeabi_cdrcmple              
000027b9  __aeabi_d2iz                  
00001677  __aeabi_dadd                  
00001abd  __aeabi_ddiv                  
00001f29  __aeabi_dmul                  
0000166d  __aeabi_dsub                  
00002b41  __aeabi_errno_addr            
000029d1  __aeabi_i2d                   
00001823  __aeabi_idiv0                 
00001823  __aeabi_ldiv0                 
00002449  __aeabi_memclr                
00002449  __aeabi_memclr4               
00002449  __aeabi_memclr8               
0000218b  __aeabi_memcpy                
0000218b  __aeabi_memcpy4               
0000218b  __aeabi_memcpy8               
0000244b  __aeabi_memset                
0000244b  __aeabi_memset4               
0000244b  __aeabi_memset8               
00002227  __aeabi_uldivmod              
ffffffff  __binit__                     
ffffffff  __c_args__                    
UNDEFED   __mpu_init                    
20000270  __stack                       
20000000  __start___llvm_prf_cnts       
20000000  __stop___llvm_prf_cnts        
0000296d  _c_int00_noargs               
00002b58  _ctypes_                      
200022fc  _lock                         
00000cbb  _nop                          
20002314  _running                      
20001270  _sys_memory                   
UNDEFED   _system_post_cinit            
00002b51  _system_pre_init              
200022f8  _timeout_ticks                
20002300  _unlock                       
00002b55  abort                         
00001e29  aligned_alloc                 
0000276d  atoi                          
ffffffff  binit                         
000023fd  button_getButton              
000023c9  button_init                   
00002901  calloc                        
00002a7d  copysign                      
00002a7d  copysignl                     
0000192d  cyBot_UART1_Handler           
00001913  cyBot_getByte                 
00001825  cyBot_sendByte                
000018f5  cyBot_uart_flush              
00001863  cyBot_uart_init               
0000184b  cyBot_uart_sendBuffer         
00001831  cyBot_uart_sendStr            
20002310  errno                         
0000260d  frexp                         
0000260d  frexpl                        
20000000  g_pfnRAMVectors               
00000000  g_pfnVectors                  
200022c4  isr_char_buffer               
2000230c  isr_counter                   
00002b17  lcd_clear                     
00000e91  lcd_gotoLine                  
00000cf9  lcd_init                      
00000ef7  lcd_printf                    
00000db9  lcd_putc                      
00000df1  lcd_puts                      
00000cbd  lcd_reverseNibble             
00000e0f  lcd_sendCommand               
00000e4d  lcd_sendNibble                
00000eb9  lcd_setCursorPos              
00001d19  ldexp                         
00001d19  ldexpl                        
00002025  main                          
00002b49  malloc                        
00001e29  memalign                      
00002a61  memccpy                       
0000218b  memcpy                        
00002451  memset                        
00001d19  scalbn                        
00001d19  scalbnl                       
000028c3  scan_alloc                    
000028cf  send_string                   
00002ac7  strchr                        
00002aaf  strcmp                        
00002add  strcpy                        
00002af1  strlen                        
00001373  timer_getMicros               
0000131b  timer_getMillis               
00001255  timer_init                    
000012f7  timer_pause                   
00001309  timer_resume                  
000012cd  timer_stop                    
000013cd  timer_waitMicros              
000013ff  timer_waitMillis              
00002845  vsnprintf                     
00002b05  wcslen                        


GLOBAL SYMBOLS: SORTED BY Symbol Address 

address   name                          
-------   ----                          
00000000  __TI_static_base__            
00000000  g_pfnVectors                  
0000026d  __TI_printfi                  
00000cbb  _nop                          
00000cbd  lcd_reverseNibble             
00000cf9  lcd_init                      
00000db9  lcd_putc                      
00000df1  lcd_puts                      
00000e0f  lcd_sendCommand               
00000e4d  lcd_sendNibble                
00000e91  lcd_gotoLine                  
00000eb9  lcd_setCursorPos              
00000ef7  lcd_printf                    
00001000  __STACK_SIZE                  
00001000  __SYSMEM_SIZE                 
00001255  timer_init                    
000012cd  timer_stop                    
000012f7  timer_pause                   
00001309  timer_resume                  
0000131b  timer_getMillis               
00001373  timer_getMicros               
000013cd  timer_waitMicros              
000013ff  timer_waitMillis              
0000166d  __aeabi_dsub                  
00001677  __aeabi_dadd                  
00001823  __aeabi_idiv0                 
00001823  __aeabi_ldiv0                 
00001825  cyBot_sendByte                
00001831  cyBot_uart_sendStr            
0000184b  cyBot_uart_sendBuffer         
00001863  cyBot_uart_init               
000018f5  cyBot_uart_flush              
00001913  cyBot_getByte                 
0000192d  cyBot_UART1_Handler           
00001abd  __aeabi_ddiv                  
00001d19  ldexp                         
00001d19  ldexpl                        
00001d19  scalbn                        
00001d19  scalbnl                       
00001e29  aligned_alloc                 
00001e29  memalign                      
00001f29  __aeabi_dmul                  
00002025  main                          
0000218b  __aeabi_memcpy                
0000218b  __aeabi_memcpy4               
0000218b  __aeabi_memcpy8               
0000218b  memcpy                        
00002227  __aeabi_uldivmod              
000022bd  __aeabi_cdcmpeq               
000022bd  __aeabi_cdcmple               
00002343  __aeabi_cdrcmple              
000023c9  button_init                   
000023fd  button_getButton              
00002449  __aeabi_memclr                
00002449  __aeabi_memclr4               
00002449  __aeabi_memclr8               
0000244b  __aeabi_memset                
0000244b  __aeabi_memset4               
0000244b  __aeabi_memset8               
00002451  memset                        
000025a3  __TI_decompress_lzss          
0000260d  frexp                         
0000260d  frexpl                        
000026c7  __TI_ltoa                     
0000276d  atoi                          
000027b9  __aeabi_d2iz                  
00002801  __TI_auto_init_nobinit_nopinit
00002845  vsnprintf                     
000028c3  scan_alloc                    
000028cf  send_string                   
00002901  calloc                        
00002939  IntRegister                   
0000296d  _c_int00_noargs               
000029d1  __aeabi_i2d                   
00002a29  __TI_zero_init_nomemset       
00002a61  memccpy                       
00002a7d  copysign                      
00002a7d  copysignl                     
00002aaf  strcmp                        
00002ac7  strchr                        
00002add  strcpy                        
00002af1  strlen                        
00002b05  wcslen                        
00002b17  lcd_clear                     
00002b27  __TI_decompress_none          
00002b35  ResetISR                      
00002b41  __aeabi_errno_addr            
00002b49  malloc                        
00002b51  _system_pre_init              
00002b55  C$$EXIT                       
00002b55  abort                         
00002b58  _ctypes_                      
00002c78  __TI_Handler_Table_Base       
00002c84  __TI_Handler_Table_Limit      
00002c98  __TI_CINIT_Base               
00002cb0  __TI_CINIT_Limit              
20000000  __start___llvm_prf_cnts       
20000000  __stop___llvm_prf_cnts        
20000000  g_pfnRAMVectors               
20000270  __stack                       
20000470  __STACK_TOP                   
20001270  __STACK_END                   
20001270  _sys_memory                   
200022c4  isr_char_buffer               
200022f8  _timeout_ticks                
200022fc  _lock                         
20002300  _unlock                       
2000230c  isr_counter                   
20002310  errno                         
20002314  _running                      
ffffffff  __TI_pprof_out_hndl           
ffffffff  __TI_prof_data_size           
ffffffff  __TI_prof_data_start          
ffffffff  __binit__                     
ffffffff  __c_args__                    
ffffffff  binit                         
UNDEFED   __mpu_init                    
UNDEFED   _system_post_cinit            

[118 symbols]
