******************************************************************************
                  TI ARM Linker PC v20.2.7                     
******************************************************************************
>> Linked Thu Feb 29 12:46:06 2024

OUTPUT FILE NAME:   <Lab6.out>
ENTRY POINT SYMBOL: "_c_int00_noargs"  address: 00003375


MEMORY CONFIGURATION

         name            origin    length      used     unused   attr    fill
----------------------  --------  ---------  --------  --------  ----  --------
  FLASH                 00000000   00040000  000036f9  0003c907  R  X
  SRAM                  20000000   00008000  00002336  00005cca  RW X


SEGMENT ALLOCATION MAP

run origin  load origin   length   init length attrs members
----------  ----------- ---------- ----------- ----- -------
00000000    00000000    00003700   00003700    r-x
  00000000    00000000    0000026c   0000026c    r-- .intvecs
  0000026c    0000026c    00003334   00003334    r-x .text
  000035a0    000035a0    00000109   00000109    r-- .const
  000036b0    000036b0    00000050   00000050    r-- .cinit
20000000    20000000    0000233d   00000000    rw-
  20000000    20000000    0000026c   00000000    rw- .vtable
  20000270    20000270    00001000   00000000    rw- .stack
  20001270    20001270    00001000   00000000    rw- .sysmem
  20002270    20002270    000000a5   00000000    rw- .bss
  20002318    20002318    00000025   00000000    rw- .data


SECTION ALLOCATION MAP

 output                                  attributes/
section   page    origin      length       input sections
--------  ----  ----------  ----------   ----------------
.intvecs   0    00000000    0000026c     
                  00000000    0000026c     tm4c123gh6pm_startup_ccs.obj (.intvecs)

.text      0    0000026c    00003334     
                  0000026c    00000a4e     rtsv7M4_T_le_v4SPD16_eabi.lib : _printfi.c.obj (.text:__TI_printfi)
                  00000cba    00000002                                   : _lock.c.obj (.text:_nop)
                  00000cbc    00000328     lcd.obj (.text)
                  00000fe4    000002a8     libcybotUART.lib : uart.obj (.text)
                  0000128c    00000270     rtsv7M4_T_le_v4SPD16_eabi.lib : _printfi.c.obj (.text:_pconv_a)
                  000014fc    00000260     libcybotScan.lib : cyBot_Scan.obj (.text)
                  0000175c    00000248     Timer.obj (.text)
                  000019a4    000001ec     libcybotScan.lib : ping.obj (.text)
                  00001b90    000001ec     uart-interrupt.obj (.text)
                  00001d7c    000001d0     rtsv7M4_T_le_v4SPD16_eabi.lib : _printfi.c.obj (.text:_pconv_g)
                  00001f4c    000001b6                                   : fd_add_t2.asm.obj (.text)
                  00002102    00000002                                   : div0.asm.obj (.text)
                  00002104    00000158     libcybotScan.lib : servo.obj (.text)
                  0000225c    0000013c     rtsv7M4_T_le_v4SPD16_eabi.lib : _printfi.c.obj (.text:_pconv_e)
                  00002398    00000136                                   : fd_div_t2.asm.obj (.text)
                  000024ce    00000002     --HOLE-- [fill = 0]
                  000024d0    00000124                                   : _printfi.c.obj (.text:fcvt)
                  000025f4    00000118     libcybotScan.lib : ir.obj (.text)
                  0000270c    00000110     rtsv7M4_T_le_v4SPD16_eabi.lib : s_scalbn.c.obj (.text:scalbn)
                  0000281c    00000100                                   : memory.c.obj (.text:aligned_alloc)
                  0000291c    000000fc                                   : fd_mul_t2.asm.obj (.text)
                  00002a18    000000d0     lab6_template.obj (.text)
                  00002ae8    000000b1     rtsv7M4_T_le_v4SPD16_eabi.lib : _printfi.c.obj (.text:_ltostr)
                  00002b99    00000001     --HOLE-- [fill = 0]
                  00002b9a    0000009c                                   : memcpy_t2.asm.obj (.text)
                  00002c36    00000096                                   : ull_div_t2.asm.obj (.text)
                  00002ccc    00000086                                   : fd_cmp_t2.asm.obj (.text:__aeabi_cdcmple)
                  00002d52    00000086                                   : fd_cmp_t2.asm.obj (.text:__aeabi_cdrcmple)
                  00002dd8    0000007a                                   : memset_t2.asm.obj (.text)
                  00002e52    00000002     --HOLE-- [fill = 0]
                  00002e54    00000070                                   : memory.c.obj (.text:split)
                  00002ec4    0000006e                                   : _printfi.c.obj (.text:_mcpy)
                  00002f32    00000068                                   : copy_decompress_lzss.c.obj (.text:decompress:lzss:__TI_decompress_lzss)
                  00002f9a    00000002     --HOLE-- [fill = 0]
                  00002f9c    00000064                                   : s_frexp.c.obj (.text:frexp)
                  00003000    00000056                                   : _printfi.c.obj (.text:_pconv_f)
                  00003056    00000054                                   : _ltoa.c.obj (.text:__TI_ltoa)
                  000030aa    00000052                                   : _printfi.c.obj (.text:_ecpy)
                  000030fc    0000004c                                   : atoi.c.obj (.text:atoi)
                  00003148    00000048                                   : fd_toi_t2.asm.obj (.text)
                  00003190    00000044                                   : autoinit.c.obj (.text:__TI_auto_init_nobinit_nopinit:__TI_auto_init_nobinit_nopinit)
                  000031d4    00000040                                   : sprintf.c.obj (.text:sprintf)
                  00003214    00000040                                   : vsnprintf.c.obj (.text:vsnprintf)
                  00003254    0000003e                                   : _printfi.c.obj (.text:_fcpy)
                  00003292    0000003e     communicate.obj (.text)
                  000032d0    00000038     rtsv7M4_T_le_v4SPD16_eabi.lib : memory.c.obj (.text:calloc)
                  00003308    00000038                                   : fs_tod_t2.asm.obj (.text)
                  00003340    00000034     driverlib.lib : interrupt.obj (.text:IntRegister)
                  00003374    00000034     rtsv7M4_T_le_v4SPD16_eabi.lib : boot_cortex_m.c.obj (.text:_c_int00_noargs:_c_int00_noargs)
                  000033a8    00000030                                   : vsnprintf.c.obj (.text:_outs)
                  000033d8    0000002e                                   : i_tofd_t2.asm.obj (.text)
                  00003406    00000002     --HOLE-- [fill = 0]
                  00003408    00000028                                   : memory.c.obj (.text:free_list_insert)
                  00003430    0000001c                                   : copy_zero_init.c.obj (.text:decompress:ZI:__TI_zero_init_nomemset:__TI_zero_init_nomemset)
                  0000344c    0000001c                                   : memory.c.obj (.text:free_list_remove)
                  00003468    0000001c                                   : memccpy.c.obj (.text:memccpy)
                  00003484    0000001a                                   : s_copysign.c.obj (.text:copysign)
                  0000349e    00000018                                   : vsnprintf.c.obj (.text:_outc)
                  000034b6    00000018                                   : sprintf.c.obj (.text:_outs)
                  000034ce    00000018                                   : strcmp.c.obj (.text:strcmp)
                  000034e6    00000016                                   : strchr.c.obj (.text:strchr)
                  000034fc    00000014                                   : strcpy.c.obj (.text:strcpy)
                  00003510    00000014                                   : strlen.c.obj (.text:strlen)
                  00003524    00000012                                   : wcslen.c.obj (.text:wcslen)
                  00003536    00000010     driverlib.lib : interrupt.obj (.text:IntMasterEnable)
                  00003546    00000010     lcd.obj (.text:lcd_clear)
                  00003556    0000000e     rtsv7M4_T_le_v4SPD16_eabi.lib : copy_decompress_none.c.obj (.text:decompress:none:__TI_decompress_none)
                  00003564    0000000c     driverlib.lib : cpu.obj (.text:CPUcpsie)
                  00003570    0000000c     tm4c123gh6pm_startup_ccs.obj (.text)
                  0000357c    0000000a     rtsv7M4_T_le_v4SPD16_eabi.lib : sprintf.c.obj (.text:_outc)
                  00003586    00000002     --HOLE-- [fill = 0]
                  00003588    00000008                                   : errno.c.obj (.text:__aeabi_errno_addr)
                  00003590    00000008                                   : memory.c.obj (.text:malloc)
                  00003598    00000004                                   : pre_init.c.obj (.text:_system_pre_init)
                  0000359c    00000004                                   : exit.c.obj (.text:abort:abort)

.const     0    000035a0    00000109     
                  000035a0    00000101     rtsv7M4_T_le_v4SPD16_eabi.lib : ctype.c.obj (.const:.string:_ctypes_)
                  000036a1    00000004     lcd.obj (.const:.string:lineAddress$1)
                  000036a5    00000004     lcd.obj (.const:.string:lineAddresses$2)

.cinit     0    000036b0    00000050     
                  000036b0    00000015     (.cinit..data.load) [load image, compression = lzss]
                  000036c5    00000003     --HOLE-- [fill = 0]
                  000036c8    0000000c     (__TI_handler_table)
                  000036d4    00000004     --HOLE-- [fill = 0]
                  000036d8    00000008     (.cinit..bss.load) [load image, compression = zero_init]
                  000036e0    00000008     (.cinit..vtable.load) [load image, compression = zero_init]
                  000036e8    00000018     (__TI_cinit_table)

.init_array 
*          0    00000000    00000000     UNINITIALIZED

.vtable    0    20000000    0000026c     UNINITIALIZED
                  20000000    0000026c     driverlib.lib : interrupt.obj (.vtable)

.stack     0    20000270    00001000     UNINITIALIZED
                  20000270    00000004     rtsv7M4_T_le_v4SPD16_eabi.lib : boot_cortex_m.c.obj (.stack)
                  20000274    00000ffc     --HOLE--

.sysmem    0    20001270    00001000     UNINITIALIZED
                  20001270    00000010     rtsv7M4_T_le_v4SPD16_eabi.lib : memory.c.obj (.sysmem)
                  20001280    00000ff0     --HOLE--

.bss       0    20002270    000000a5     UNINITIALIZED
                  20002270    00000054     lcd.obj (.bss:lastbuffer$3)
                  200022c4    00000034     (.common:isr_char_buffer)
                  200022f8    00000004     (.common:_timeout_ticks)
                  200022fc    00000004     (.common:fallingEdge)
                  20002300    00000004     (.common:isr_int_value)
                  20002304    00000004     (.common:left_calibration_value)
                  20002308    00000004     (.common:pulseLength)
                  2000230c    00000004     (.common:right_calibration_value)
                  20002310    00000004     (.common:risingEdge)
                  20002314    00000001     (.common:isRisingEdge)

.data      0    20002318    00000025     UNINITIALIZED
                  20002318    00000008     rtsv7M4_T_le_v4SPD16_eabi.lib : _lock.c.obj (.data:$O1$$)
                  20002320    00000008                                   : memory.c.obj (.data:$O1$$)
                  20002328    00000008     uart-interrupt.obj (.data)
                  20002330    00000004     libcybotScan.lib : cyBot_Scan.obj (.data)
                  20002334    00000004     libcybotUART.lib : uart.obj (.data)
                  20002338    00000004     rtsv7M4_T_le_v4SPD16_eabi.lib : errno.c.obj (.data)
                  2000233c    00000001     Timer.obj (.data)

__llvm_prf_cnts 
*          0    20000000    00000000     UNINITIALIZED

MODULE SUMMARY

       Module                         code    ro data   rw data
       ------                         ----    -------   -------
    .\
       lcd.obj                        824     8         84     
       tm4c123gh6pm_startup_ccs.obj   12      620       0      
       Timer.obj                      584     0         5      
       uart-interrupt.obj             492     0         8      
       lab6_template.obj              208     0         0      
       communicate.obj                62      0         8      
    +--+------------------------------+-------+---------+---------+
       Total:                         2182    628       105    
                                                               
    ../libcybotScan.lib
       cyBot_Scan.obj                 608     0         4      
       ping.obj                       492     0         13     
       servo.obj                      344     0         0      
       ir.obj                         280     0         4      
    +--+------------------------------+-------+---------+---------+
       Total:                         1724    0         21     
                                                               
    ../libcybotUART.lib
       uart.obj                       680     0         56     
    +--+------------------------------+-------+---------+---------+
       Total:                         680     0         56     
                                                               
    C:/ti/TivaWare_C_Series-2.2.0.295/driverlib/ccs/Debug/driverlib.lib
       interrupt.obj                  68      0         620    
       cpu.obj                        12      0         0      
    +--+------------------------------+-------+---------+---------+
       Total:                         80      0         620    
                                                               
    C:\ti\ccs1230\ccs\tools\compiler\ti-cgt-arm_20.2.7.LTS\lib\rtsv7M4_T_le_v4SPD16_eabi.lib
       _printfi.c.obj                 4851    0         0      
       memory.c.obj                   500     0         8      
       fd_add_t2.asm.obj              438     0         0      
       fd_div_t2.asm.obj              310     0         0      
       s_scalbn.c.obj                 272     0         0      
       fd_cmp_t2.asm.obj              268     0         0      
       ctype.c.obj                    0       257       0      
       fd_mul_t2.asm.obj              252     0         0      
       memcpy_t2.asm.obj              156     0         0      
       ull_div_t2.asm.obj             150     0         0      
       vsnprintf.c.obj                136     0         0      
       memset_t2.asm.obj              122     0         0      
       copy_decompress_lzss.c.obj     104     0         0      
       s_frexp.c.obj                  100     0         0      
       sprintf.c.obj                  98      0         0      
       _ltoa.c.obj                    84      0         0      
       atoi.c.obj                     76      0         0      
       fd_toi_t2.asm.obj              72      0         0      
       autoinit.c.obj                 68      0         0      
       fs_tod_t2.asm.obj              56      0         0      
       boot_cortex_m.c.obj            52      0         0      
       i_tofd_t2.asm.obj              46      0         0      
       copy_zero_init.c.obj           28      0         0      
       memccpy.c.obj                  28      0         0      
       s_copysign.c.obj               26      0         0      
       strcmp.c.obj                   24      0         0      
       strchr.c.obj                   22      0         0      
       strcpy.c.obj                   20      0         0      
       strlen.c.obj                   20      0         0      
       wcslen.c.obj                   18      0         0      
       copy_decompress_none.c.obj     14      0         0      
       errno.c.obj                    8       0         4      
       _lock.c.obj                    2       0         8      
       exit.c.obj                     4       0         0      
       pre_init.c.obj                 4       0         0      
       div0.asm.obj                   2       0         0      
    +--+------------------------------+-------+---------+---------+
       Total:                         8431    257       20     
                                                               
       Heap:                          0       0         4096   
       Stack:                         0       0         4096   
       Linker Generated:              0       73        0      
    +--+------------------------------+-------+---------+---------+
       Grand Total:                   13097   958       9014   


LINKER GENERATED COPY TABLES

__TI_cinit_table @ 000036e8 records: 3, size/record: 8, table size: 24
	.data: load addr=000036b0, load size=00000015 bytes, run addr=20002318, run size=00000025 bytes, compression=lzss
	.bss: load addr=000036d8, load size=00000008 bytes, run addr=20002270, run size=000000a5 bytes, compression=zero_init
	.vtable: load addr=000036e0, load size=00000008 bytes, run addr=20000000, run size=0000026c bytes, compression=zero_init


LINKER GENERATED HANDLER TABLE

__TI_handler_table @ 000036c8 records: 3, size/record: 4, table size: 12
	index: 0, handler: __TI_zero_init
	index: 1, handler: __TI_decompress_lzss
	index: 2, handler: __TI_decompress_none


GLOBAL SYMBOLS: SORTED ALPHABETICALLY BY Name 

address   name                          
-------   ----                          
0000268d  ADC0SS0_Handler               
0000359d  C$$EXIT                       
00003565  CPUcpsie                      
00003537  IntMasterEnable               
00003341  IntRegister                   
00003571  ResetISR                      
00001a95  TIMER3B_Handler               
00001cdb  UART1_Handler                 
20001270  __STACK_END                   
00001000  __STACK_SIZE                  
20000470  __STACK_TOP                   
00001000  __SYSMEM_SIZE                 
000036e8  __TI_CINIT_Base               
00003700  __TI_CINIT_Limit              
000036c8  __TI_Handler_Table_Base       
000036d4  __TI_Handler_Table_Limit      
00003191  __TI_auto_init_nobinit_nopinit
00002f33  __TI_decompress_lzss          
00003557  __TI_decompress_none          
00003057  __TI_ltoa                     
ffffffff  __TI_pprof_out_hndl           
0000026d  __TI_printfi                  
ffffffff  __TI_prof_data_size           
ffffffff  __TI_prof_data_start          
00000000  __TI_static_base__            
00003431  __TI_zero_init_nomemset       
00002ccd  __aeabi_cdcmpeq               
00002ccd  __aeabi_cdcmple               
00002d53  __aeabi_cdrcmple              
00003149  __aeabi_d2iz                  
00001f57  __aeabi_dadd                  
00002399  __aeabi_ddiv                  
0000291d  __aeabi_dmul                  
00001f4d  __aeabi_dsub                  
00003589  __aeabi_errno_addr            
00003309  __aeabi_f2d                   
000033d9  __aeabi_i2d                   
00002103  __aeabi_idiv0                 
00002103  __aeabi_ldiv0                 
00002dd9  __aeabi_memclr                
00002dd9  __aeabi_memclr4               
00002dd9  __aeabi_memclr8               
00002b9b  __aeabi_memcpy                
00002b9b  __aeabi_memcpy4               
00002b9b  __aeabi_memcpy8               
00002ddb  __aeabi_memset                
00002ddb  __aeabi_memset4               
00002ddb  __aeabi_memset8               
00002c37  __aeabi_uldivmod              
ffffffff  __binit__                     
ffffffff  __c_args__                    
UNDEFED   __mpu_init                    
20000270  __stack                       
20000000  __start___llvm_prf_cnts       
20000000  __stop___llvm_prf_cnts        
00003375  _c_int00_noargs               
000035a0  _ctypes_                      
20002318  _lock                         
00000cbb  _nop                          
2000233c  _running                      
20001270  _sys_memory                   
UNDEFED   _system_post_cinit            
00003599  _system_pre_init              
200022f8  _timeout_ticks                
2000231c  _unlock                       
0000359d  abort                         
0000281d  aligned_alloc                 
000030fd  atoi                          
ffffffff  binit                         
000032d1  calloc                        
20002328  command_byte                  
2000232c  command_flag                  
00003485  copysign                      
00003485  copysignl                     
000015d5  cyBOT_SERVO_cal               
00001563  cyBOT_Scan                    
0000150b  cyBOT_init_Scan               
20002330  cyBOT_scan_features           
000014fd  cyBOT_scan_version            
00001231  cyBot_UART1_Handler           
00001223  cyBot_getByte_blocking        
00001203  cyBot_getByte_nonblocking     
00000fe5  cyBot_sendByte                
000011e9  cyBot_uart_flush              
00001153  cyBot_uart_init               
000010f3  cyBot_uart_init_PHJ_first_half
0000109b  cyBot_uart_init_clean         
00001023  cyBot_uart_init_last_half     
0000100b  cyBot_uart_sendBuffer         
00000ff1  cyBot_uart_sendStr            
20002338  errno                         
200022fc  fallingEdge                   
00002f9d  frexp                         
00002f9d  frexpl                        
20000000  g_pfnRAMVectors               
00000000  g_pfnVectors                  
000026a3  ir_enableInterrupt            
00002685  ir_getDistance                
0000265d  ir_getValue                   
000025f5  ir_init                       
20002314  isRisingEdge                  
200022c4  isr_char_buffer               
20002334  isr_counter                   
20002300  isr_int_value                 
00003547  lcd_clear                     
00000e91  lcd_gotoLine                  
00000cf9  lcd_init                      
00000ef7  lcd_printf                    
00000db9  lcd_putc                      
00000df1  lcd_puts                      
00000cbd  lcd_reverseNibble             
00000e0f  lcd_sendCommand               
00000e4d  lcd_sendNibble                
00000eb9  lcd_setCursorPos              
0000270d  ldexp                         
0000270d  ldexpl                        
20002304  left_calibration_value        
00002a19  main                          
00003591  malloc                        
0000281d  memalign                      
00003469  memccpy                       
00002b9b  memcpy                        
00002de1  memset                        
00001ae7  ping_getDistance              
000019a5  ping_init                     
00001a2b  ping_trigger                  
20002308  pulseLength                   
2000230c  right_calibration_value       
20002310  risingEdge                    
0000270d  scalbn                        
0000270d  scalbnl                       
00003293  scan_alloc                    
0000329f  send_string                   
00002105  servo_init                    
00002195  servo_move                    
000021f5  servo_setPWM                  
00002189  servo_stop                    
000031d5  sprintf                       
000034e7  strchr                        
000034cf  strcmp                        
000034fd  strcpy                        
00003511  strlen                        
0000187b  timer_getMicros               
00001823  timer_getMillis               
0000175d  timer_init                    
000017ff  timer_pause                   
00001811  timer_resume                  
000017d5  timer_stop                    
000018d5  timer_waitMicros              
00001907  timer_waitMillis              
00001b91  uart_interrupt_init           
00001c71  uart_receive                  
00001cb5  uart_receive_nonblocking      
00001c55  uart_sendChar                 
00001c97  uart_sendStr                  
00003215  vsnprintf                     
00003525  wcslen                        


GLOBAL SYMBOLS: SORTED BY Symbol Address 

address   name                          
-------   ----                          
00000000  __TI_static_base__            
00000000  g_pfnVectors                  
0000026d  __TI_printfi                  
00000cbb  _nop                          
00000cbd  lcd_reverseNibble             
00000cf9  lcd_init                      
00000db9  lcd_putc                      
00000df1  lcd_puts                      
00000e0f  lcd_sendCommand               
00000e4d  lcd_sendNibble                
00000e91  lcd_gotoLine                  
00000eb9  lcd_setCursorPos              
00000ef7  lcd_printf                    
00000fe5  cyBot_sendByte                
00000ff1  cyBot_uart_sendStr            
00001000  __STACK_SIZE                  
00001000  __SYSMEM_SIZE                 
0000100b  cyBot_uart_sendBuffer         
00001023  cyBot_uart_init_last_half     
0000109b  cyBot_uart_init_clean         
000010f3  cyBot_uart_init_PHJ_first_half
00001153  cyBot_uart_init               
000011e9  cyBot_uart_flush              
00001203  cyBot_getByte_nonblocking     
00001223  cyBot_getByte_blocking        
00001231  cyBot_UART1_Handler           
000014fd  cyBOT_scan_version            
0000150b  cyBOT_init_Scan               
00001563  cyBOT_Scan                    
000015d5  cyBOT_SERVO_cal               
0000175d  timer_init                    
000017d5  timer_stop                    
000017ff  timer_pause                   
00001811  timer_resume                  
00001823  timer_getMillis               
0000187b  timer_getMicros               
000018d5  timer_waitMicros              
00001907  timer_waitMillis              
000019a5  ping_init                     
00001a2b  ping_trigger                  
00001a95  TIMER3B_Handler               
00001ae7  ping_getDistance              
00001b91  uart_interrupt_init           
00001c55  uart_sendChar                 
00001c71  uart_receive                  
00001c97  uart_sendStr                  
00001cb5  uart_receive_nonblocking      
00001cdb  UART1_Handler                 
00001f4d  __aeabi_dsub                  
00001f57  __aeabi_dadd                  
00002103  __aeabi_idiv0                 
00002103  __aeabi_ldiv0                 
00002105  servo_init                    
00002189  servo_stop                    
00002195  servo_move                    
000021f5  servo_setPWM                  
00002399  __aeabi_ddiv                  
000025f5  ir_init                       
0000265d  ir_getValue                   
00002685  ir_getDistance                
0000268d  ADC0SS0_Handler               
000026a3  ir_enableInterrupt            
0000270d  ldexp                         
0000270d  ldexpl                        
0000270d  scalbn                        
0000270d  scalbnl                       
0000281d  aligned_alloc                 
0000281d  memalign                      
0000291d  __aeabi_dmul                  
00002a19  main                          
00002b9b  __aeabi_memcpy                
00002b9b  __aeabi_memcpy4               
00002b9b  __aeabi_memcpy8               
00002b9b  memcpy                        
00002c37  __aeabi_uldivmod              
00002ccd  __aeabi_cdcmpeq               
00002ccd  __aeabi_cdcmple               
00002d53  __aeabi_cdrcmple              
00002dd9  __aeabi_memclr                
00002dd9  __aeabi_memclr4               
00002dd9  __aeabi_memclr8               
00002ddb  __aeabi_memset                
00002ddb  __aeabi_memset4               
00002ddb  __aeabi_memset8               
00002de1  memset                        
00002f33  __TI_decompress_lzss          
00002f9d  frexp                         
00002f9d  frexpl                        
00003057  __TI_ltoa                     
000030fd  atoi                          
00003149  __aeabi_d2iz                  
00003191  __TI_auto_init_nobinit_nopinit
000031d5  sprintf                       
00003215  vsnprintf                     
00003293  scan_alloc                    
0000329f  send_string                   
000032d1  calloc                        
00003309  __aeabi_f2d                   
00003341  IntRegister                   
00003375  _c_int00_noargs               
000033d9  __aeabi_i2d                   
00003431  __TI_zero_init_nomemset       
00003469  memccpy                       
00003485  copysign                      
00003485  copysignl                     
000034cf  strcmp                        
000034e7  strchr                        
000034fd  strcpy                        
00003511  strlen                        
00003525  wcslen                        
00003537  IntMasterEnable               
00003547  lcd_clear                     
00003557  __TI_decompress_none          
00003565  CPUcpsie                      
00003571  ResetISR                      
00003589  __aeabi_errno_addr            
00003591  malloc                        
00003599  _system_pre_init              
0000359d  C$$EXIT                       
0000359d  abort                         
000035a0  _ctypes_                      
000036c8  __TI_Handler_Table_Base       
000036d4  __TI_Handler_Table_Limit      
000036e8  __TI_CINIT_Base               
00003700  __TI_CINIT_Limit              
20000000  __start___llvm_prf_cnts       
20000000  __stop___llvm_prf_cnts        
20000000  g_pfnRAMVectors               
20000270  __stack                       
20000470  __STACK_TOP                   
20001270  __STACK_END                   
20001270  _sys_memory                   
200022c4  isr_char_buffer               
200022f8  _timeout_ticks                
200022fc  fallingEdge                   
20002300  isr_int_value                 
20002304  left_calibration_value        
20002308  pulseLength                   
2000230c  right_calibration_value       
20002310  risingEdge                    
20002314  isRisingEdge                  
20002318  _lock                         
2000231c  _unlock                       
20002328  command_byte                  
2000232c  command_flag                  
20002330  cyBOT_scan_features           
20002334  isr_counter                   
20002338  errno                         
2000233c  _running                      
ffffffff  __TI_pprof_out_hndl           
ffffffff  __TI_prof_data_size           
ffffffff  __TI_prof_data_start          
ffffffff  __binit__                     
ffffffff  __c_args__                    
ffffffff  binit                         
UNDEFED   __mpu_init                    
UNDEFED   _system_post_cinit            

[157 symbols]
