******************************************************************************
                  TI ARM Linker PC v20.2.7                     
******************************************************************************
>> Linked Thu Mar 21 11:59:28 2024

OUTPUT FILE NAME:   <Lab7.out>
ENTRY POINT SYMBOL: "_c_int00_noargs"  address: 00004841


MEMORY CONFIGURATION

         name            origin    length      used     unused   attr    fill
----------------------  --------  ---------  --------  --------  ----  --------
  FLASH                 00000000   00040000  00004bf4  0003b40c  R  X
  SRAM                  20000000   00008000  00002372  00005c8e  RW X


SEGMENT ALLOCATION MAP

run origin  load origin   length   init length attrs members
----------  ----------- ---------- ----------- ----- -------
00000000    00000000    00004bf8   00004bf8    r-x
  00000000    00000000    0000026c   0000026c    r-- .intvecs
  0000026c    0000026c    00004818   00004818    r-x .text
  00004a84    00004a84    00000118   00000118    r-- .const
  00004ba0    00004ba0    00000058   00000058    r-- .cinit
20000000    20000000    00002379   00000000    rw-
  20000000    20000000    0000026c   00000000    rw- .vtable
  20000270    20000270    00001000   00000000    rw- .stack
  20001270    20001270    00001000   00000000    rw- .sysmem
  20002270    20002270    000000bd   00000000    rw- .bss
  20002330    20002330    00000049   00000000    rw- .data


SECTION ALLOCATION MAP

 output                                  attributes/
section   page    origin      length       input sections
--------  ----  ----------  ----------   ----------------
.intvecs   0    00000000    0000026c     
                  00000000    0000026c     tm4c123gh6pm_startup_ccs.obj (.intvecs)

.text      0    0000026c    00004818     
                  0000026c    00000c20     open_interface.obj (.text)
                  00000e8c    00000a4e     rtsv7M4_T_le_v4SPD16_eabi.lib : _printfi.c.obj (.text:__TI_printfi)
                  000018da    00000002                                   : _lock.c.obj (.text:_nop)
                  000018dc    00000490     main.obj (.text)
                  00001d6c    0000039c     movement.obj (.text)
                  00002108    00000328     lcd.obj (.text)
                  00002430    000002a8     libcybotUART.lib : uart.obj (.text)
                  000026d8    00000270     rtsv7M4_T_le_v4SPD16_eabi.lib : _printfi.c.obj (.text:_pconv_a)
                  00002948    00000260     libcybotScan.lib : cyBot_Scan.obj (.text)
                  00002ba8    00000248     Timer.obj (.text)
                  00002df0    000001ec     libcybotScan.lib : ping.obj (.text)
                  00002fdc    000001ec     uart-interrupt.obj (.text)
                  000031c8    000001d0     rtsv7M4_T_le_v4SPD16_eabi.lib : _printfi.c.obj (.text:_pconv_g)
                  00003398    000001b6                                   : fd_add_t2.asm.obj (.text)
                  0000354e    00000002                                   : div0.asm.obj (.text)
                  00003550    00000158     libcybotScan.lib : servo.obj (.text)
                  000036a8    0000013c     rtsv7M4_T_le_v4SPD16_eabi.lib : _printfi.c.obj (.text:_pconv_e)
                  000037e4    00000136                                   : fd_div_t2.asm.obj (.text)
                  0000391a    00000002     --HOLE-- [fill = 0]
                  0000391c    00000124                                   : _printfi.c.obj (.text:fcvt)
                  00003a40    00000118     libcybotScan.lib : ir.obj (.text)
                  00003b58    00000110     rtsv7M4_T_le_v4SPD16_eabi.lib : s_scalbn.c.obj (.text:scalbn)
                  00003c68    00000100                                   : memory.c.obj (.text:aligned_alloc)
                  00003d68    000000fc                                   : fd_mul_t2.asm.obj (.text)
                  00003e64    000000e4                                   : memory.c.obj (.text:free)
                  00003f48    000000b1                                   : _printfi.c.obj (.text:_ltostr)
                  00003ff9    00000001     --HOLE-- [fill = 0]
                  00003ffa    0000009c                                   : memcpy_t2.asm.obj (.text)
                  00004096    00000096                                   : ull_div_t2.asm.obj (.text)
                  0000412c    00000086                                   : fd_cmp_t2.asm.obj (.text:__aeabi_cdcmple)
                  000041b2    00000086                                   : fd_cmp_t2.asm.obj (.text:__aeabi_cdrcmple)
                  00004238    0000007a                                   : memset_t2.asm.obj (.text)
                  000042b2    00000002     --HOLE-- [fill = 0]
                  000042b4    00000070                                   : memory.c.obj (.text:split)
                  00004324    0000006e                                   : _printfi.c.obj (.text:_mcpy)
                  00004392    0000006e                                   : fd_tos_t2.asm.obj (.text)
                  00004400    00000068                                   : copy_decompress_lzss.c.obj (.text:decompress:lzss:__TI_decompress_lzss)
                  00004468    00000064                                   : s_frexp.c.obj (.text:frexp)
                  000044cc    00000056                                   : _printfi.c.obj (.text:_pconv_f)
                  00004522    00000054                                   : _ltoa.c.obj (.text:__TI_ltoa)
                  00004576    00000052                                   : _printfi.c.obj (.text:_ecpy)
                  000045c8    0000004c                                   : atoi.c.obj (.text:atoi)
                  00004614    00000048                                   : fd_toi_t2.asm.obj (.text)
                  0000465c    00000044                                   : autoinit.c.obj (.text:__TI_auto_init_nobinit_nopinit:__TI_auto_init_nobinit_nopinit)
                  000046a0    00000040                                   : sprintf.c.obj (.text:sprintf)
                  000046e0    00000040                                   : vsnprintf.c.obj (.text:vsnprintf)
                  00004720    0000003e                                   : _printfi.c.obj (.text:_fcpy)
                  0000475e    0000003e     communicate.obj (.text)
                  0000479c    00000038     rtsv7M4_T_le_v4SPD16_eabi.lib : memory.c.obj (.text:calloc)
                  000047d4    00000038                                   : fs_tod_t2.asm.obj (.text)
                  0000480c    00000034     driverlib.lib : interrupt.obj (.text:IntRegister)
                  00004840    00000034     rtsv7M4_T_le_v4SPD16_eabi.lib : boot_cortex_m.c.obj (.text:_c_int00_noargs:_c_int00_noargs)
                  00004874    00000030                                   : vsnprintf.c.obj (.text:_outs)
                  000048a4    0000002e                                   : i_tofd_t2.asm.obj (.text)
                  000048d2    00000002     --HOLE-- [fill = 0]
                  000048d4    00000028                                   : memory.c.obj (.text:free_list_insert)
                  000048fc    0000001c                                   : copy_zero_init.c.obj (.text:decompress:ZI:__TI_zero_init_nomemset:__TI_zero_init_nomemset)
                  00004918    0000001c                                   : memory.c.obj (.text:free_list_remove)
                  00004934    0000001c                                   : memccpy.c.obj (.text:memccpy)
                  00004950    0000001a                                   : s_copysign.c.obj (.text:copysign)
                  0000496a    00000018                                   : vsnprintf.c.obj (.text:_outc)
                  00004982    00000018                                   : sprintf.c.obj (.text:_outs)
                  0000499a    00000018     open_interface.obj (.text:oi_parseInt)
                  000049b2    00000018     rtsv7M4_T_le_v4SPD16_eabi.lib : strcmp.c.obj (.text:strcmp)
                  000049ca    00000016                                   : strchr.c.obj (.text:strchr)
                  000049e0    00000014                                   : strcpy.c.obj (.text:strcpy)
                  000049f4    00000014                                   : strlen.c.obj (.text:strlen)
                  00004a08    00000012                                   : wcslen.c.obj (.text:wcslen)
                  00004a1a    00000010     driverlib.lib : interrupt.obj (.text:IntMasterEnable)
                  00004a2a    00000010     lcd.obj (.text:lcd_clear)
                  00004a3a    0000000e     rtsv7M4_T_le_v4SPD16_eabi.lib : copy_decompress_none.c.obj (.text:decompress:none:__TI_decompress_none)
                  00004a48    0000000c     driverlib.lib : cpu.obj (.text:CPUcpsie)
                  00004a54    0000000c     tm4c123gh6pm_startup_ccs.obj (.text)
                  00004a60    0000000a     rtsv7M4_T_le_v4SPD16_eabi.lib : sprintf.c.obj (.text:_outc)
                  00004a6a    00000002     --HOLE-- [fill = 0]
                  00004a6c    00000008                                   : errno.c.obj (.text:__aeabi_errno_addr)
                  00004a74    00000008                                   : memory.c.obj (.text:malloc)
                  00004a7c    00000004                                   : pre_init.c.obj (.text:_system_pre_init)
                  00004a80    00000004                                   : exit.c.obj (.text:abort:abort)

.const     0    00004a84    00000118     
                  00004a84    00000101     rtsv7M4_T_le_v4SPD16_eabi.lib : ctype.c.obj (.const:.string:_ctypes_)
                  00004b85    0000000f     open_interface.obj (.const:.string:$P$T0$3)
                  00004b94    00000004     lcd.obj (.const:.string:lineAddress$1)
                  00004b98    00000004     lcd.obj (.const:.string:lineAddresses$2)

.cinit     0    00004ba0    00000058     
                  00004ba0    00000023     (.cinit..data.load) [load image, compression = lzss]
                  00004bc3    00000001     --HOLE-- [fill = 0]
                  00004bc4    0000000c     (__TI_handler_table)
                  00004bd0    00000008     (.cinit..bss.load) [load image, compression = zero_init]
                  00004bd8    00000008     (.cinit..vtable.load) [load image, compression = zero_init]
                  00004be0    00000018     (__TI_cinit_table)

.init_array 
*          0    00000000    00000000     UNINITIALIZED

.vtable    0    20000000    0000026c     UNINITIALIZED
                  20000000    0000026c     driverlib.lib : interrupt.obj (.vtable)

.stack     0    20000270    00001000     UNINITIALIZED
                  20000270    00000004     rtsv7M4_T_le_v4SPD16_eabi.lib : boot_cortex_m.c.obj (.stack)
                  20000274    00000ffc     --HOLE--

.sysmem    0    20001270    00001000     UNINITIALIZED
                  20001270    00000010     rtsv7M4_T_le_v4SPD16_eabi.lib : memory.c.obj (.sysmem)
                  20001280    00000ff0     --HOLE--

.bss       0    20002270    000000bd     UNINITIALIZED
                  20002270    00000054     lcd.obj (.bss:lastbuffer$3)
                  200022c4    00000034     (.common:isr_char_buffer)
                  200022f8    00000018     open_interface.obj (.bss:firmware$2)
                  20002310    00000004     (.common:_timeout_ticks)
                  20002314    00000004     (.common:fallingEdge)
                  20002318    00000004     (.common:isr_int_value)
                  2000231c    00000004     (.common:left_calibration_value)
                  20002320    00000004     (.common:pulseLength)
                  20002324    00000004     (.common:right_calibration_value)
                  20002328    00000004     (.common:risingEdge)
                  2000232c    00000001     (.common:isRisingEdge)

.data      0    20002330    00000049     UNINITIALIZED
                  20002330    00000020     open_interface.obj (.data)
                  20002350    00000008     rtsv7M4_T_le_v4SPD16_eabi.lib : _lock.c.obj (.data:$O1$$)
                  20002358    00000008                                   : memory.c.obj (.data:$O1$$)
                  20002360    00000008     uart-interrupt.obj (.data)
                  20002368    00000004     libcybotScan.lib : cyBot_Scan.obj (.data)
                  2000236c    00000004     libcybotUART.lib : uart.obj (.data)
                  20002370    00000004     main.obj (.data)
                  20002374    00000004     rtsv7M4_T_le_v4SPD16_eabi.lib : errno.c.obj (.data)
                  20002378    00000001     Timer.obj (.data)

__llvm_prf_cnts 
*          0    20000000    00000000     UNINITIALIZED

MODULE SUMMARY

       Module                         code    ro data   rw data
       ------                         ----    -------   -------
    .\
       open_interface.obj             3128    15        56     
       main.obj                       1168    0         4      
       movement.obj                   924     0         0      
       lcd.obj                        824     8         84     
       tm4c123gh6pm_startup_ccs.obj   12      620       0      
       Timer.obj                      584     0         5      
       uart-interrupt.obj             492     0         8      
       communicate.obj                62      0         8      
    +--+------------------------------+-------+---------+---------+
       Total:                         7194    643       165    
                                                               
    ../libcybotScan.lib
       cyBot_Scan.obj                 608     0         4      
       ping.obj                       492     0         13     
       servo.obj                      344     0         0      
       ir.obj                         280     0         4      
    +--+------------------------------+-------+---------+---------+
       Total:                         1724    0         21     
                                                               
    ../libcybotUART.lib
       uart.obj                       680     0         56     
    +--+------------------------------+-------+---------+---------+
       Total:                         680     0         56     
                                                               
    C:/ti/TivaWare_C_Series-2.2.0.295/driverlib/ccs/Debug/driverlib.lib
       interrupt.obj                  68      0         620    
       cpu.obj                        12      0         0      
    +--+------------------------------+-------+---------+---------+
       Total:                         80      0         620    
                                                               
    C:\ti\ccs1230\ccs\tools\compiler\ti-cgt-arm_20.2.7.LTS\lib\rtsv7M4_T_le_v4SPD16_eabi.lib
       _printfi.c.obj                 4851    0         0      
       memory.c.obj                   728     0         8      
       fd_add_t2.asm.obj              438     0         0      
       fd_div_t2.asm.obj              310     0         0      
       s_scalbn.c.obj                 272     0         0      
       fd_cmp_t2.asm.obj              268     0         0      
       ctype.c.obj                    0       257       0      
       fd_mul_t2.asm.obj              252     0         0      
       memcpy_t2.asm.obj              156     0         0      
       ull_div_t2.asm.obj             150     0         0      
       vsnprintf.c.obj                136     0         0      
       memset_t2.asm.obj              122     0         0      
       fd_tos_t2.asm.obj              110     0         0      
       copy_decompress_lzss.c.obj     104     0         0      
       s_frexp.c.obj                  100     0         0      
       sprintf.c.obj                  98      0         0      
       _ltoa.c.obj                    84      0         0      
       atoi.c.obj                     76      0         0      
       fd_toi_t2.asm.obj              72      0         0      
       autoinit.c.obj                 68      0         0      
       fs_tod_t2.asm.obj              56      0         0      
       boot_cortex_m.c.obj            52      0         0      
       i_tofd_t2.asm.obj              46      0         0      
       copy_zero_init.c.obj           28      0         0      
       memccpy.c.obj                  28      0         0      
       s_copysign.c.obj               26      0         0      
       strcmp.c.obj                   24      0         0      
       strchr.c.obj                   22      0         0      
       strcpy.c.obj                   20      0         0      
       strlen.c.obj                   20      0         0      
       wcslen.c.obj                   18      0         0      
       copy_decompress_none.c.obj     14      0         0      
       errno.c.obj                    8       0         4      
       _lock.c.obj                    2       0         8      
       exit.c.obj                     4       0         0      
       pre_init.c.obj                 4       0         0      
       div0.asm.obj                   2       0         0      
    +--+------------------------------+-------+---------+---------+
       Total:                         8769    257       20     
                                                               
       Heap:                          0       0         4096   
       Stack:                         0       0         4096   
       Linker Generated:              0       87        0      
    +--+------------------------------+-------+---------+---------+
       Grand Total:                   18447   987       9074   


LINKER GENERATED COPY TABLES

__TI_cinit_table @ 00004be0 records: 3, size/record: 8, table size: 24
	.data: load addr=00004ba0, load size=00000023 bytes, run addr=20002330, run size=00000049 bytes, compression=lzss
	.bss: load addr=00004bd0, load size=00000008 bytes, run addr=20002270, run size=000000bd bytes, compression=zero_init
	.vtable: load addr=00004bd8, load size=00000008 bytes, run addr=20000000, run size=0000026c bytes, compression=zero_init


LINKER GENERATED HANDLER TABLE

__TI_handler_table @ 00004bc4 records: 3, size/record: 4, table size: 12
	index: 0, handler: __TI_zero_init
	index: 1, handler: __TI_decompress_lzss
	index: 2, handler: __TI_decompress_none


GLOBAL SYMBOLS: SORTED ALPHABETICALLY BY Name 

address   name                          
-------   ----                          
00003ad9  ADC0SS0_Handler               
00004a81  C$$EXIT                       
00004a49  CPUcpsie                      
00000bc3  GPIOF_Handler                 
00004a1b  IntMasterEnable               
0000480d  IntRegister                   
00004a55  ResetISR                      
00002ee1  TIMER3B_Handler               
00003127  UART1_Handler                 
20001270  __STACK_END                   
00001000  __STACK_SIZE                  
20000470  __STACK_TOP                   
00001000  __SYSMEM_SIZE                 
00004be0  __TI_CINIT_Base               
00004bf8  __TI_CINIT_Limit              
00004bc4  __TI_Handler_Table_Base       
00004bd0  __TI_Handler_Table_Limit      
0000465d  __TI_auto_init_nobinit_nopinit
00004401  __TI_decompress_lzss          
00004a3b  __TI_decompress_none          
00004523  __TI_ltoa                     
ffffffff  __TI_pprof_out_hndl           
00000e8d  __TI_printfi                  
ffffffff  __TI_prof_data_size           
ffffffff  __TI_prof_data_start          
00000000  __TI_static_base__            
000048fd  __TI_zero_init_nomemset       
0000412d  __aeabi_cdcmpeq               
0000412d  __aeabi_cdcmple               
000041b3  __aeabi_cdrcmple              
00004393  __aeabi_d2f                   
00004615  __aeabi_d2iz                  
000033a3  __aeabi_dadd                  
000037e5  __aeabi_ddiv                  
00003d69  __aeabi_dmul                  
00003399  __aeabi_dsub                  
00004a6d  __aeabi_errno_addr            
000047d5  __aeabi_f2d                   
000048a5  __aeabi_i2d                   
0000354f  __aeabi_idiv0                 
0000354f  __aeabi_ldiv0                 
00004239  __aeabi_memclr                
00004239  __aeabi_memclr4               
00004239  __aeabi_memclr8               
00003ffb  __aeabi_memcpy                
00003ffb  __aeabi_memcpy4               
00003ffb  __aeabi_memcpy8               
0000423b  __aeabi_memset                
0000423b  __aeabi_memset4               
0000423b  __aeabi_memset8               
00004097  __aeabi_uldivmod              
ffffffff  __binit__                     
ffffffff  __c_args__                    
UNDEFED   __mpu_init                    
20000270  __stack                       
20000000  __start___llvm_prf_cnts       
20000000  __stop___llvm_prf_cnts        
00004841  _c_int00_noargs               
00004a84  _ctypes_                      
20002350  _lock                         
000018db  _nop                          
20002378  _running                      
20001270  _sys_memory                   
UNDEFED   _system_post_cinit            
00004a7d  _system_pre_init              
20002310  _timeout_ticks                
20002354  _unlock                       
00004a81  abort                         
00003c69  aligned_alloc                 
000045c9  atoi                          
ffffffff  binit                         
0000479d  calloc                        
20002360  command_byte                  
20002364  command_flag                  
00004951  copysign                      
00004951  copysignl                     
00002a21  cyBOT_SERVO_cal               
000029af  cyBOT_Scan                    
00002957  cyBOT_init_Scan               
20002368  cyBOT_scan_features           
00002949  cyBOT_scan_version            
0000267d  cyBot_UART1_Handler           
0000266f  cyBot_getByte_blocking        
0000264f  cyBot_getByte_nonblocking     
00002431  cyBot_sendByte                
00002635  cyBot_uart_flush              
0000259f  cyBot_uart_init               
0000253f  cyBot_uart_init_PHJ_first_half
000024e7  cyBot_uart_init_clean         
0000246f  cyBot_uart_init_last_half     
00002457  cyBot_uart_sendBuffer         
0000243d  cyBot_uart_sendStr            
20002374  errno                         
20002314  fallingEdge                   
00003e65  free                          
00004469  frexp                         
00004469  frexpl                        
20000000  g_pfnRAMVectors               
00000000  g_pfnVectors                  
0000097f  go_charge                     
00003aef  ir_enableInterrupt            
00003ad1  ir_getDistance                
00003aa9  ir_getValue                   
00003a41  ir_init                       
2000232c  isRisingEdge                  
200022c4  isr_char_buffer               
2000236c  isr_counter                   
20002318  isr_int_value                 
00004a2b  lcd_clear                     
000022dd  lcd_gotoLine                  
00002145  lcd_init                      
00002343  lcd_printf                    
00002205  lcd_putc                      
0000223d  lcd_puts                      
00002109  lcd_reverseNibble             
0000225b  lcd_sendCommand               
00002299  lcd_sendNibble                
00002305  lcd_setCursorPos              
00003b59  ldexp                         
00003b59  ldexpl                        
2000231c  left_calibration_value        
000018dd  main                          
00004a75  malloc                        
00003c69  memalign                      
00004935  memccpy                       
00003ffb  memcpy                        
00004241  memset                        
20002330  motor_cal_factor_L            
20002334  motor_cal_factor_R            
00001de3  move_backward                 
00001d6d  move_forward                  
00001f41  move_forward_avoid_obstacles  
0000026d  oi_alloc                      
00000aa9  oi_checkFirmware              
000002c7  oi_close                      
00000279  oi_free                       
00000ded  oi_getMotorCalibrationLeft    
00000e01  oi_getMotorCalibrationRight   
000002b1  oi_init                       
00000289  oi_init_noupdate              
00000915  oi_loadSong                   
0000499b  oi_parseInt                   
0000032b  oi_parsePacket                
0000096b  oi_play_song                  
0000084b  oi_setLeds                    
00000db1  oi_setMotorCalibration        
0000088f  oi_setWheels                  
00000b51  oi_shutoff_init               
0000098d  oi_uartInit                   
00000a31  oi_uartReceive                
00000a77  oi_uartSendBuff               
00000a15  oi_uartSendChar               
00000a59  oi_uartSendStr                
000002d9  oi_update                     
00002f33  ping_getDistance              
00002df1  ping_init                     
00002e77  ping_trigger                  
20002320  pulseLength                   
20002324  right_calibration_value       
20002328  risingEdge                    
00003b59  scalbn                        
00003b59  scalbnl                       
0000475f  scan_alloc                    
0000476b  send_string                   
00003551  servo_init                    
000035e1  servo_move                    
00003641  servo_setPWM                  
000035d5  servo_stop                    
000046a1  sprintf                       
000049cb  strchr                        
000049b3  strcmp                        
000049e1  strcpy                        
000049f5  strlen                        
00002cc7  timer_getMicros               
00002c6f  timer_getMillis               
00002ba9  timer_init                    
00002c4b  timer_pause                   
00002c5d  timer_resume                  
00002c21  timer_stop                    
00002d21  timer_waitMicros              
00002d53  timer_waitMillis              
00001ec9  turn_left                     
00001e55  turn_right                    
00002fdd  uart_interrupt_init           
000030bd  uart_receive                  
00003101  uart_receive_nonblocking      
000030a1  uart_sendChar                 
000030e3  uart_sendStr                  
000046e1  vsnprintf                     
00004a09  wcslen                        


GLOBAL SYMBOLS: SORTED BY Symbol Address 

address   name                          
-------   ----                          
00000000  __TI_static_base__            
00000000  g_pfnVectors                  
0000026d  oi_alloc                      
00000279  oi_free                       
00000289  oi_init_noupdate              
000002b1  oi_init                       
000002c7  oi_close                      
000002d9  oi_update                     
0000032b  oi_parsePacket                
0000084b  oi_setLeds                    
0000088f  oi_setWheels                  
00000915  oi_loadSong                   
0000096b  oi_play_song                  
0000097f  go_charge                     
0000098d  oi_uartInit                   
00000a15  oi_uartSendChar               
00000a31  oi_uartReceive                
00000a59  oi_uartSendStr                
00000a77  oi_uartSendBuff               
00000aa9  oi_checkFirmware              
00000b51  oi_shutoff_init               
00000bc3  GPIOF_Handler                 
00000db1  oi_setMotorCalibration        
00000ded  oi_getMotorCalibrationLeft    
00000e01  oi_getMotorCalibrationRight   
00000e8d  __TI_printfi                  
00001000  __STACK_SIZE                  
00001000  __SYSMEM_SIZE                 
000018db  _nop                          
000018dd  main                          
00001d6d  move_forward                  
00001de3  move_backward                 
00001e55  turn_right                    
00001ec9  turn_left                     
00001f41  move_forward_avoid_obstacles  
00002109  lcd_reverseNibble             
00002145  lcd_init                      
00002205  lcd_putc                      
0000223d  lcd_puts                      
0000225b  lcd_sendCommand               
00002299  lcd_sendNibble                
000022dd  lcd_gotoLine                  
00002305  lcd_setCursorPos              
00002343  lcd_printf                    
00002431  cyBot_sendByte                
0000243d  cyBot_uart_sendStr            
00002457  cyBot_uart_sendBuffer         
0000246f  cyBot_uart_init_last_half     
000024e7  cyBot_uart_init_clean         
0000253f  cyBot_uart_init_PHJ_first_half
0000259f  cyBot_uart_init               
00002635  cyBot_uart_flush              
0000264f  cyBot_getByte_nonblocking     
0000266f  cyBot_getByte_blocking        
0000267d  cyBot_UART1_Handler           
00002949  cyBOT_scan_version            
00002957  cyBOT_init_Scan               
000029af  cyBOT_Scan                    
00002a21  cyBOT_SERVO_cal               
00002ba9  timer_init                    
00002c21  timer_stop                    
00002c4b  timer_pause                   
00002c5d  timer_resume                  
00002c6f  timer_getMillis               
00002cc7  timer_getMicros               
00002d21  timer_waitMicros              
00002d53  timer_waitMillis              
00002df1  ping_init                     
00002e77  ping_trigger                  
00002ee1  TIMER3B_Handler               
00002f33  ping_getDistance              
00002fdd  uart_interrupt_init           
000030a1  uart_sendChar                 
000030bd  uart_receive                  
000030e3  uart_sendStr                  
00003101  uart_receive_nonblocking      
00003127  UART1_Handler                 
00003399  __aeabi_dsub                  
000033a3  __aeabi_dadd                  
0000354f  __aeabi_idiv0                 
0000354f  __aeabi_ldiv0                 
00003551  servo_init                    
000035d5  servo_stop                    
000035e1  servo_move                    
00003641  servo_setPWM                  
000037e5  __aeabi_ddiv                  
00003a41  ir_init                       
00003aa9  ir_getValue                   
00003ad1  ir_getDistance                
00003ad9  ADC0SS0_Handler               
00003aef  ir_enableInterrupt            
00003b59  ldexp                         
00003b59  ldexpl                        
00003b59  scalbn                        
00003b59  scalbnl                       
00003c69  aligned_alloc                 
00003c69  memalign                      
00003d69  __aeabi_dmul                  
00003e65  free                          
00003ffb  __aeabi_memcpy                
00003ffb  __aeabi_memcpy4               
00003ffb  __aeabi_memcpy8               
00003ffb  memcpy                        
00004097  __aeabi_uldivmod              
0000412d  __aeabi_cdcmpeq               
0000412d  __aeabi_cdcmple               
000041b3  __aeabi_cdrcmple              
00004239  __aeabi_memclr                
00004239  __aeabi_memclr4               
00004239  __aeabi_memclr8               
0000423b  __aeabi_memset                
0000423b  __aeabi_memset4               
0000423b  __aeabi_memset8               
00004241  memset                        
00004393  __aeabi_d2f                   
00004401  __TI_decompress_lzss          
00004469  frexp                         
00004469  frexpl                        
00004523  __TI_ltoa                     
000045c9  atoi                          
00004615  __aeabi_d2iz                  
0000465d  __TI_auto_init_nobinit_nopinit
000046a1  sprintf                       
000046e1  vsnprintf                     
0000475f  scan_alloc                    
0000476b  send_string                   
0000479d  calloc                        
000047d5  __aeabi_f2d                   
0000480d  IntRegister                   
00004841  _c_int00_noargs               
000048a5  __aeabi_i2d                   
000048fd  __TI_zero_init_nomemset       
00004935  memccpy                       
00004951  copysign                      
00004951  copysignl                     
0000499b  oi_parseInt                   
000049b3  strcmp                        
000049cb  strchr                        
000049e1  strcpy                        
000049f5  strlen                        
00004a09  wcslen                        
00004a1b  IntMasterEnable               
00004a2b  lcd_clear                     
00004a3b  __TI_decompress_none          
00004a49  CPUcpsie                      
00004a55  ResetISR                      
00004a6d  __aeabi_errno_addr            
00004a75  malloc                        
00004a7d  _system_pre_init              
00004a81  C$$EXIT                       
00004a81  abort                         
00004a84  _ctypes_                      
00004bc4  __TI_Handler_Table_Base       
00004bd0  __TI_Handler_Table_Limit      
00004be0  __TI_CINIT_Base               
00004bf8  __TI_CINIT_Limit              
20000000  __start___llvm_prf_cnts       
20000000  __stop___llvm_prf_cnts        
20000000  g_pfnRAMVectors               
20000270  __stack                       
20000470  __STACK_TOP                   
20001270  __STACK_END                   
20001270  _sys_memory                   
200022c4  isr_char_buffer               
20002310  _timeout_ticks                
20002314  fallingEdge                   
20002318  isr_int_value                 
2000231c  left_calibration_value        
20002320  pulseLength                   
20002324  right_calibration_value       
20002328  risingEdge                    
2000232c  isRisingEdge                  
20002330  motor_cal_factor_L            
20002334  motor_cal_factor_R            
20002350  _lock                         
20002354  _unlock                       
20002360  command_byte                  
20002364  command_flag                  
20002368  cyBOT_scan_features           
2000236c  isr_counter                   
20002374  errno                         
20002378  _running                      
ffffffff  __TI_pprof_out_hndl           
ffffffff  __TI_prof_data_size           
ffffffff  __TI_prof_data_start          
ffffffff  __binit__                     
ffffffff  __c_args__                    
ffffffff  binit                         
UNDEFED   __mpu_init                    
UNDEFED   _system_post_cinit            

[190 symbols]
